Sep  5 14:07:14 cu-cs-vm rsyslogd: [origin software="rsyslogd" swVersion="8.16.0" x-pid="1718" x-info="http://www.rsyslog.com"] rsyslogd was HUPed
Sep  5 14:07:18 cu-cs-vm anacron[1644]: Job `cron.daily' terminated
Sep  5 14:07:32 cu-cs-vm systemd[1]: Reloading.
Sep  5 14:07:33 cu-cs-vm systemd[1]: snapd.refresh.timer: Adding 3h 23min 41.970931s random time.
Sep  5 14:07:33 cu-cs-vm systemd[1]: snapd.refresh.timer: Adding 3h 25.072028s random time.
Sep  5 14:07:33 cu-cs-vm systemd[1]: apt-daily.timer: Adding 9h 45min 45.501913s random time.
Sep  5 14:07:33 cu-cs-vm systemd[1]: Started CUPS Scheduler.
Sep  5 14:07:33 cu-cs-vm systemd[1]: Started ACPI event daemon.
Sep  5 14:09:00 cu-cs-vm rsyslogd: [origin software="rsyslogd" swVersion="8.16.0" x-pid="1761" x-info="http://www.rsyslog.com"] start
Sep  5 14:09:00 cu-cs-vm rsyslogd-2222: command 'KLogPermitNonKernelFacility' is currently not permitted - did you already set it via a RainerScript command (v6+ config)? [v8.16.0 try http://www.rsyslog.com/e/2222 ]
Sep  5 14:09:00 cu-cs-vm rsyslogd: rsyslogd's groupid changed to 108
Sep  5 14:09:00 cu-cs-vm rsyslogd: rsyslogd's userid changed to 104
Sep  5 14:09:00 cu-cs-vm rsyslogd-2039: Could not open output pipe '/dev/xconsole':: No such file or directory [v8.16.0 try http://www.rsyslog.com/e/2039 ]
Sep  5 14:09:00 cu-cs-vm rsyslogd-2007: action 'action 10' suspended, next retry is Mon Sep  5 14:09:30 2016 [v8.16.0 try http://www.rsyslog.com/e/2007 ]
Sep  5 14:09:00 cu-cs-vm kernel: [    0.000000] Initializing cgroup subsys cpuset
Sep  5 14:09:00 cu-cs-vm kernel: [    0.000000] Initializing cgroup subsys cpu
Sep  5 14:09:00 cu-cs-vm kernel: [    0.000000] Initializing cgroup subsys cpuacct
Sep  5 14:09:00 cu-cs-vm kernel: [    0.000000] Linux version 4.4.0-34-generic (buildd@lgw01-20) (gcc version 5.3.1 20160413 (Ubuntu 5.3.1-14ubuntu2.1) ) #53-Ubuntu SMP Wed Jul 27 16:06:39 UTC 2016 (Ubuntu 4.4.0-34.53-generic 4.4.15)
Sep  5 14:09:00 cu-cs-vm kernel: [    0.000000] Command line: BOOT_IMAGE=/@/boot/vmlinuz-4.4.0-34-generic root=UUID=7edb9fb6-5937-400b-b2d4-95dbf988ef57 ro rootflags=subvol=@ crashkernel=384M-:128M
Sep  5 14:09:00 cu-cs-vm kernel: [    0.000000] KERNEL supported cpus:
Sep  5 14:09:00 cu-cs-vm kernel: [    0.000000]   Intel GenuineIntel
Sep  5 14:09:00 cu-cs-vm kernel: [    0.000000]   AMD AuthenticAMD
Sep  5 14:09:00 cu-cs-vm kernel: [    0.000000]   Centaur CentaurHauls
Sep  5 14:09:00 cu-cs-vm kernel: [    0.000000] x86/fpu: xstate_offset[2]:  576, xstate_sizes[2]:  256
Sep  5 14:09:00 cu-cs-vm kernel: [    0.000000] x86/fpu: Supporting XSAVE feature 0x01: 'x87 floating point registers'
Sep  5 14:09:00 cu-cs-vm kernel: [    0.000000] x86/fpu: Supporting XSAVE feature 0x02: 'SSE registers'
Sep  5 14:09:00 cu-cs-vm kernel: [    0.000000] x86/fpu: Supporting XSAVE feature 0x04: 'AVX registers'
Sep  5 14:09:00 cu-cs-vm kernel: [    0.000000] x86/fpu: Enabled xstate features 0x7, context size is 832 bytes, using 'standard' format.
Sep  5 14:09:00 cu-cs-vm kernel: [    0.000000] x86/fpu: Using 'lazy' FPU context switches.
Sep  5 14:09:00 cu-cs-vm kernel: [    0.000000] e820: BIOS-provided physical RAM map:
Sep  5 14:09:00 cu-cs-vm kernel: [    0.000000] BIOS-e820: [mem 0x0000000000000000-0x000000000009fbff] usable
Sep  5 14:09:00 cu-cs-vm kernel: [    0.000000] BIOS-e820: [mem 0x000000000009fc00-0x000000000009ffff] reserved
Sep  5 14:09:00 cu-cs-vm kernel: [    0.000000] BIOS-e820: [mem 0x00000000000f0000-0x00000000000fffff] reserved
Sep  5 14:09:00 cu-cs-vm kernel: [    0.000000] BIOS-e820: [mem 0x0000000000100000-0x000000007ffeffff] usable
Sep  5 14:09:00 cu-cs-vm kernel: [    0.000000] BIOS-e820: [mem 0x000000007fff0000-0x000000007fffffff] ACPI data
Sep  5 14:09:00 cu-cs-vm kernel: [    0.000000] BIOS-e820: [mem 0x00000000fffc0000-0x00000000ffffffff] reserved
Sep  5 14:09:00 cu-cs-vm kernel: [    0.000000] NX (Execute Disable) protection: active
Sep  5 14:09:00 cu-cs-vm kernel: [    0.000000] SMBIOS 2.5 present.
Sep  5 14:09:00 cu-cs-vm kernel: [    0.000000] DMI: innotek GmbH VirtualBox/VirtualBox, BIOS VirtualBox 12/01/2006
Sep  5 14:09:00 cu-cs-vm kernel: [    0.000000] Hypervisor detected: KVM
Sep  5 14:09:00 cu-cs-vm kernel: [    0.000000] e820: update [mem 0x00000000-0x00000fff] usable ==> reserved
Sep  5 14:09:00 cu-cs-vm kernel: [    0.000000] e820: remove [mem 0x000a0000-0x000fffff] usable
Sep  5 14:09:00 cu-cs-vm kernel: [    0.000000] e820: last_pfn = 0x7fff0 max_arch_pfn = 0x400000000
Sep  5 14:09:00 cu-cs-vm kernel: [    0.000000] MTRR default type: uncachable
Sep  5 14:09:00 cu-cs-vm kernel: [    0.000000] MTRR variable ranges disabled:
Sep  5 14:09:00 cu-cs-vm kernel: [    0.000000] x86/PAT: Configuration [0-7]: WB  WC  UC- UC  WB  WC  UC- WT  
Sep  5 14:09:00 cu-cs-vm kernel: [    0.000000] MTRR: Disabled
Sep  5 14:09:00 cu-cs-vm kernel: [    0.000000] CPU MTRRs all blank - virtualized system.
Sep  5 14:09:00 cu-cs-vm kernel: [    0.000000] found SMP MP-table at [mem 0x0009fff0-0x0009ffff] mapped at [ffff88000009fff0]
Sep  5 14:09:00 cu-cs-vm kernel: [    0.000000] Scanning 1 areas for low memory corruption
Sep  5 14:09:00 cu-cs-vm kernel: [    0.000000] Base memory trampoline at [ffff880000099000] 99000 size 24576
Sep  5 14:09:00 cu-cs-vm kernel: [    0.000000] BRK [0x02200000, 0x02200fff] PGTABLE
Sep  5 14:09:00 cu-cs-vm kernel: [    0.000000] BRK [0x02201000, 0x02201fff] PGTABLE
Sep  5 14:09:00 cu-cs-vm kernel: [    0.000000] BRK [0x02202000, 0x02202fff] PGTABLE
Sep  5 14:09:00 cu-cs-vm kernel: [    0.000000] BRK [0x02203000, 0x02203fff] PGTABLE
Sep  5 14:09:00 cu-cs-vm kernel: [    0.000000] BRK [0x02204000, 0x02204fff] PGTABLE
Sep  5 14:09:00 cu-cs-vm kernel: [    0.000000] RAMDISK: [mem 0x33a58000-0x35d23fff]
Sep  5 14:09:00 cu-cs-vm kernel: [    0.000000] ACPI: Early table checksum verification disabled
Sep  5 14:09:00 cu-cs-vm kernel: [    0.000000] ACPI: RSDP 0x00000000000E0000 000024 (v02 VBOX  )
Sep  5 14:09:00 cu-cs-vm kernel: [    0.000000] ACPI: XSDT 0x000000007FFF0030 00003C (v01 VBOX   VBOXXSDT 00000001 ASL  00000061)
Sep  5 14:09:00 cu-cs-vm kernel: [    0.000000] ACPI: FACP 0x000000007FFF00F0 0000F4 (v04 VBOX   VBOXFACP 00000001 ASL  00000061)
Sep  5 14:09:00 cu-cs-vm kernel: [    0.000000] ACPI: DSDT 0x000000007FFF0470 001CEB (v01 VBOX   VBOXBIOS 00000002 INTL 20100528)
Sep  5 14:09:00 cu-cs-vm kernel: [    0.000000] ACPI: FACS 0x000000007FFF0200 000040
Sep  5 14:09:00 cu-cs-vm kernel: [    0.000000] ACPI: FACS 0x000000007FFF0200 000040
Sep  5 14:09:00 cu-cs-vm kernel: [    0.000000] ACPI: APIC 0x000000007FFF0240 00005C (v02 VBOX   VBOXAPIC 00000001 ASL  00000061)
Sep  5 14:09:00 cu-cs-vm kernel: [    0.000000] ACPI: SSDT 0x000000007FFF02A0 0001CC (v01 VBOX   VBOXCPUT 00000002 INTL 20100528)
Sep  5 14:09:00 cu-cs-vm kernel: [    0.000000] ACPI: Local APIC address 0xfee00000
Sep  5 14:09:00 cu-cs-vm kernel: [    0.000000] No NUMA configuration found
Sep  5 14:09:00 cu-cs-vm kernel: [    0.000000] Faking a node at [mem 0x0000000000000000-0x000000007ffeffff]
Sep  5 14:09:00 cu-cs-vm kernel: [    0.000000] NODE_DATA(0) allocated [mem 0x7ffeb000-0x7ffeffff]
Sep  5 14:09:00 cu-cs-vm kernel: [    0.000000] Reserving 128MB of memory at 688MB for crashkernel (System RAM: 2047MB)
Sep  5 14:09:00 cu-cs-vm kernel: [    0.000000] kvm-clock: Using msrs 4b564d01 and 4b564d00
Sep  5 14:09:00 cu-cs-vm kernel: [    0.000000] kvm-clock: cpu 0, msr 0:7ffe7001, primary cpu clock
Sep  5 14:09:00 cu-cs-vm kernel: [    0.000000] kvm-clock: using sched offset of 13709249195 cycles
Sep  5 14:09:00 cu-cs-vm kernel: [    0.000000] clocksource: kvm-clock: mask: 0xffffffffffffffff max_cycles: 0x1cd42e4dffb, max_idle_ns: 881590591483 ns
Sep  5 14:09:00 cu-cs-vm kernel: [    0.000000] Zone ranges:
Sep  5 14:09:00 cu-cs-vm kernel: [    0.000000]   DMA      [mem 0x0000000000001000-0x0000000000ffffff]
Sep  5 14:09:00 cu-cs-vm kernel: [    0.000000]   DMA32    [mem 0x0000000001000000-0x000000007ffeffff]
Sep  5 14:09:00 cu-cs-vm kernel: [    0.000000]   Normal   empty
Sep  5 14:09:00 cu-cs-vm kernel: [    0.000000]   Device   empty
Sep  5 14:09:00 cu-cs-vm kernel: [    0.000000] Movable zone start for each node
Sep  5 14:09:00 cu-cs-vm kernel: [    0.000000] Early memory node ranges
Sep  5 14:09:00 cu-cs-vm kernel: [    0.000000]   node   0: [mem 0x0000000000001000-0x000000000009efff]
Sep  5 14:09:00 cu-cs-vm kernel: [    0.000000]   node   0: [mem 0x0000000000100000-0x000000007ffeffff]
Sep  5 14:09:00 cu-cs-vm kernel: [    0.000000] Initmem setup node 0 [mem 0x0000000000001000-0x000000007ffeffff]
Sep  5 14:09:00 cu-cs-vm kernel: [    0.000000] On node 0 totalpages: 524174
Sep  5 14:09:00 cu-cs-vm kernel: [    0.000000]   DMA zone: 64 pages used for memmap
Sep  5 14:09:00 cu-cs-vm kernel: [    0.000000]   DMA zone: 21 pages reserved
Sep  5 14:09:00 cu-cs-vm kernel: [    0.000000]   DMA zone: 3998 pages, LIFO batch:0
Sep  5 14:09:00 cu-cs-vm kernel: [    0.000000]   DMA32 zone: 8128 pages used for memmap
Sep  5 14:09:00 cu-cs-vm kernel: [    0.000000]   DMA32 zone: 520176 pages, LIFO batch:31
Sep  5 14:09:00 cu-cs-vm kernel: [    0.000000] ACPI: PM-Timer IO Port: 0x4008
Sep  5 14:09:00 cu-cs-vm kernel: [    0.000000] ACPI: Local APIC address 0xfee00000
Sep  5 14:09:00 cu-cs-vm kernel: [    0.000000] IOAPIC[0]: apic_id 2, version 17, address 0xfec00000, GSI 0-23
Sep  5 14:09:00 cu-cs-vm kernel: [    0.000000] ACPI: INT_SRC_OVR (bus 0 bus_irq 0 global_irq 2 dfl dfl)
Sep  5 14:09:00 cu-cs-vm kernel: [    0.000000] ACPI: INT_SRC_OVR (bus 0 bus_irq 9 global_irq 9 high level)
Sep  5 14:09:00 cu-cs-vm kernel: [    0.000000] ACPI: IRQ0 used by override.
Sep  5 14:09:00 cu-cs-vm kernel: [    0.000000] ACPI: IRQ9 used by override.
Sep  5 14:09:00 cu-cs-vm kernel: [    0.000000] Using ACPI (MADT) for SMP configuration information
Sep  5 14:09:00 cu-cs-vm kernel: [    0.000000] smpboot: Allowing 2 CPUs, 0 hotplug CPUs
Sep  5 14:09:00 cu-cs-vm kernel: [    0.000000] PM: Registered nosave memory: [mem 0x00000000-0x00000fff]
Sep  5 14:09:00 cu-cs-vm kernel: [    0.000000] PM: Registered nosave memory: [mem 0x0009f000-0x0009ffff]
Sep  5 14:09:00 cu-cs-vm kernel: [    0.000000] PM: Registered nosave memory: [mem 0x000a0000-0x000effff]
Sep  5 14:09:00 cu-cs-vm kernel: [    0.000000] PM: Registered nosave memory: [mem 0x000f0000-0x000fffff]
Sep  5 14:09:00 cu-cs-vm kernel: [    0.000000] e820: [mem 0x80000000-0xfffbffff] available for PCI devices
Sep  5 14:09:00 cu-cs-vm kernel: [    0.000000] Booting paravirtualized kernel on KVM
Sep  5 14:09:00 cu-cs-vm kernel: [    0.000000] clocksource: refined-jiffies: mask: 0xffffffff max_cycles: 0xffffffff, max_idle_ns: 7645519600211568 ns
Sep  5 14:09:00 cu-cs-vm kernel: [    0.000000] setup_percpu: NR_CPUS:256 nr_cpumask_bits:256 nr_cpu_ids:2 nr_node_ids:1
Sep  5 14:09:00 cu-cs-vm kernel: [    0.000000] PERCPU: Embedded 33 pages/cpu @ffff88007fc00000 s98008 r8192 d28968 u1048576
Sep  5 14:09:00 cu-cs-vm kernel: [    0.000000] pcpu-alloc: s98008 r8192 d28968 u1048576 alloc=1*2097152
Sep  5 14:09:00 cu-cs-vm kernel: [    0.000000] pcpu-alloc: [0] 0 1 
Sep  5 14:09:00 cu-cs-vm kernel: [    0.000000] PV qspinlock hash table entries: 256 (order: 0, 4096 bytes)
Sep  5 14:09:00 cu-cs-vm kernel: [    0.000000] Built 1 zonelists in Node order, mobility grouping on.  Total pages: 515961
Sep  5 14:09:00 cu-cs-vm kernel: [    0.000000] Policy zone: DMA32
Sep  5 14:09:00 cu-cs-vm kernel: [    0.000000] Kernel command line: BOOT_IMAGE=/@/boot/vmlinuz-4.4.0-34-generic root=UUID=7edb9fb6-5937-400b-b2d4-95dbf988ef57 ro rootflags=subvol=@ crashkernel=384M-:128M
Sep  5 14:09:00 cu-cs-vm kernel: [    0.000000] PID hash table entries: 4096 (order: 3, 32768 bytes)
Sep  5 14:09:00 cu-cs-vm kernel: [    0.000000] Calgary: detecting Calgary via BIOS EBDA area
Sep  5 14:09:00 cu-cs-vm kernel: [    0.000000] Calgary: Unable to locate Rio Grande table in EBDA - bailing!
Sep  5 14:09:00 cu-cs-vm kernel: [    0.000000] Memory: 1878128K/2096696K available (8394K kernel code, 1282K rwdata, 3944K rodata, 1480K init, 1292K bss, 218568K reserved, 0K cma-reserved)
Sep  5 14:09:00 cu-cs-vm kernel: [    0.000000] SLUB: HWalign=64, Order=0-3, MinObjects=0, CPUs=2, Nodes=1
Sep  5 14:09:00 cu-cs-vm kernel: [    0.000000] Hierarchical RCU implementation.
Sep  5 14:09:00 cu-cs-vm kernel: [    0.000000] 	Build-time adjustment of leaf fanout to 64.
Sep  5 14:09:00 cu-cs-vm kernel: [    0.000000] 	RCU restricting CPUs from NR_CPUS=256 to nr_cpu_ids=2.
Sep  5 14:09:00 cu-cs-vm kernel: [    0.000000] RCU: Adjusting geometry for rcu_fanout_leaf=64, nr_cpu_ids=2
Sep  5 14:09:00 cu-cs-vm kernel: [    0.000000] NR_IRQS:16640 nr_irqs:440 16
Sep  5 14:09:00 cu-cs-vm kernel: [    0.000000] Console: colour VGA+ 80x25
Sep  5 14:09:00 cu-cs-vm kernel: [    0.000000] console [tty0] enabled
Sep  5 14:09:00 cu-cs-vm kernel: [    0.000000] tsc: Detected 2599.998 MHz processor
Sep  5 14:09:00 cu-cs-vm kernel: [    0.095201] Calibrating delay loop (skipped) preset value.. 5199.99 BogoMIPS (lpj=10399992)
Sep  5 14:09:00 cu-cs-vm kernel: [    0.095923] pid_max: default: 32768 minimum: 301
Sep  5 14:09:00 cu-cs-vm kernel: [    0.096297] ACPI: Core revision 20150930
Sep  5 14:09:00 cu-cs-vm kernel: [    0.097398] ACPI: 2 ACPI AML tables successfully acquired and loaded
Sep  5 14:09:00 cu-cs-vm kernel: [    0.097930] Security Framework initialized
Sep  5 14:09:00 cu-cs-vm kernel: [    0.098286] Yama: becoming mindful.
Sep  5 14:09:00 cu-cs-vm kernel: [    0.098635] AppArmor: AppArmor initialized
Sep  5 14:09:00 cu-cs-vm kernel: [    0.100633] Dentry cache hash table entries: 262144 (order: 9, 2097152 bytes)
Sep  5 14:09:00 cu-cs-vm kernel: [    0.102662] Inode-cache hash table entries: 131072 (order: 8, 1048576 bytes)
Sep  5 14:09:00 cu-cs-vm kernel: [    0.103374] Mount-cache hash table entries: 4096 (order: 3, 32768 bytes)
Sep  5 14:09:00 cu-cs-vm kernel: [    0.103815] Mountpoint-cache hash table entries: 4096 (order: 3, 32768 bytes)
Sep  5 14:09:00 cu-cs-vm kernel: [    0.107614] Initializing cgroup subsys io
Sep  5 14:09:00 cu-cs-vm kernel: [    0.108538] Initializing cgroup subsys memory
Sep  5 14:09:00 cu-cs-vm kernel: [    0.111155] Initializing cgroup subsys devices
Sep  5 14:09:00 cu-cs-vm kernel: [    0.111955] Initializing cgroup subsys freezer
Sep  5 14:09:00 cu-cs-vm kernel: [    0.113203] Initializing cgroup subsys net_cls
Sep  5 14:09:00 cu-cs-vm kernel: [    0.114252] Initializing cgroup subsys perf_event
Sep  5 14:09:00 cu-cs-vm kernel: [    0.115381] Initializing cgroup subsys net_prio
Sep  5 14:09:00 cu-cs-vm kernel: [    0.115825] Initializing cgroup subsys hugetlb
Sep  5 14:09:00 cu-cs-vm kernel: [    0.116225] Initializing cgroup subsys pids
Sep  5 14:09:00 cu-cs-vm kernel: [    0.116669] CPU: Physical Processor ID: 0
Sep  5 14:09:00 cu-cs-vm kernel: [    0.117022] CPU: Processor Core ID: 0
Sep  5 14:09:00 cu-cs-vm kernel: [    0.119065] mce: CPU supports 0 MCE banks
Sep  5 14:09:00 cu-cs-vm kernel: [    0.119529] Last level iTLB entries: 4KB 1024, 2MB 1024, 4MB 1024
Sep  5 14:09:00 cu-cs-vm kernel: [    0.120058] Last level dTLB entries: 4KB 1024, 2MB 1024, 4MB 1024, 1GB 4
Sep  5 14:09:00 cu-cs-vm kernel: [    0.122298] Freeing SMP alternatives memory: 28K (ffffffff820b4000 - ffffffff820bb000)
Sep  5 14:09:00 cu-cs-vm kernel: [    0.134720] ftrace: allocating 31994 entries in 125 pages
Sep  5 14:09:00 cu-cs-vm kernel: [    0.181398] smpboot: Max logical packages: 1
Sep  5 14:09:00 cu-cs-vm kernel: [    0.181776] smpboot: APIC(0) Converting physical 0 to logical package 0
Sep  5 14:09:00 cu-cs-vm kernel: [    0.183410] ..TIMER: vector=0x30 apic1=0 pin1=2 apic2=-1 pin2=-1
Sep  5 14:09:00 cu-cs-vm kernel: [    0.291172] smpboot: CPU0: Intel(R) Core(TM) i5-4278U CPU @ 2.60GHz (family: 0x6, model: 0x45, stepping: 0x1)
Sep  5 14:09:00 cu-cs-vm kernel: [    0.292054] Performance Events: unsupported p6 CPU model 69 no PMU driver, software events only.
Sep  5 14:09:00 cu-cs-vm kernel: [    0.292858] KVM setup paravirtual spinlock
Sep  5 14:09:00 cu-cs-vm kernel: [    0.293836] x86: Booting SMP configuration:
Sep  5 14:09:00 cu-cs-vm kernel: [    0.294199] .... node  #0, CPUs:      #1
Sep  5 14:09:00 cu-cs-vm kernel: [    0.294643] kvm-clock: cpu 1, msr 0:7ffe7041, secondary cpu clock
Sep  5 14:09:00 cu-cs-vm kernel: [    0.295711] mce: CPU supports 0 MCE banks
Sep  5 14:09:00 cu-cs-vm kernel: [    0.297784] x86: Booted up 1 node, 2 CPUs
Sep  5 14:09:00 cu-cs-vm kernel: [    0.299340] smpboot: Total of 2 processors activated (10399.99 BogoMIPS)
Sep  5 14:09:00 cu-cs-vm kernel: [    0.300250] devtmpfs: initialized
Sep  5 14:09:00 cu-cs-vm kernel: [    0.302753] evm: security.selinux
Sep  5 14:09:00 cu-cs-vm kernel: [    0.303088] evm: security.SMACK64
Sep  5 14:09:00 cu-cs-vm kernel: [    0.303420] evm: security.SMACK64EXEC
Sep  5 14:09:00 cu-cs-vm kernel: [    0.304173] evm: security.SMACK64TRANSMUTE
Sep  5 14:09:00 cu-cs-vm kernel: [    0.304585] evm: security.SMACK64MMAP
Sep  5 14:09:00 cu-cs-vm kernel: [    0.305041] evm: security.ima
Sep  5 14:09:00 cu-cs-vm kernel: [    0.305377] evm: security.capability
Sep  5 14:09:00 cu-cs-vm kernel: [    0.306124] clocksource: jiffies: mask: 0xffffffff max_cycles: 0xffffffff, max_idle_ns: 7645041785100000 ns
Sep  5 14:09:00 cu-cs-vm kernel: [    0.307396] pinctrl core: initialized pinctrl subsystem
Sep  5 14:09:00 cu-cs-vm kernel: [    0.307977] RTC time: 20:08:53, date: 09/05/16
Sep  5 14:09:00 cu-cs-vm kernel: [    0.308664] NET: Registered protocol family 16
Sep  5 14:09:00 cu-cs-vm kernel: [    0.319574] cpuidle: using governor ladder
Sep  5 14:09:00 cu-cs-vm kernel: [    0.331591] cpuidle: using governor menu
Sep  5 14:09:00 cu-cs-vm kernel: [    0.332061] PCCT header not found.
Sep  5 14:09:00 cu-cs-vm kernel: [    0.332538] ACPI: bus type PCI registered
Sep  5 14:09:00 cu-cs-vm kernel: [    0.332932] acpiphp: ACPI Hot Plug PCI Controller Driver version: 0.5
Sep  5 14:09:00 cu-cs-vm kernel: [    0.333464] PCI: Using configuration type 1 for base access
Sep  5 14:09:00 cu-cs-vm kernel: [    0.347279] ACPI: Added _OSI(Module Device)
Sep  5 14:09:00 cu-cs-vm kernel: [    0.347704] ACPI: Added _OSI(Processor Device)
Sep  5 14:09:00 cu-cs-vm kernel: [    0.348151] ACPI: Added _OSI(3.0 _SCP Extensions)
Sep  5 14:09:00 cu-cs-vm kernel: [    0.348545] ACPI: Added _OSI(Processor Aggregator Device)
Sep  5 14:09:00 cu-cs-vm kernel: [    0.349892] ACPI: Executed 1 blocks of module-level executable AML code
Sep  5 14:09:00 cu-cs-vm kernel: [    0.353800] ACPI: Interpreter enabled
Sep  5 14:09:00 cu-cs-vm kernel: [    0.354363] ACPI Exception: AE_NOT_FOUND, While evaluating Sleep State [\_S1_] (20150930/hwxface-580)
Sep  5 14:09:00 cu-cs-vm kernel: [    0.355693] ACPI Exception: AE_NOT_FOUND, While evaluating Sleep State [\_S2_] (20150930/hwxface-580)
Sep  5 14:09:00 cu-cs-vm kernel: [    0.356676] ACPI Exception: AE_NOT_FOUND, While evaluating Sleep State [\_S3_] (20150930/hwxface-580)
Sep  5 14:09:00 cu-cs-vm kernel: [    0.357863] ACPI Exception: AE_NOT_FOUND, While evaluating Sleep State [\_S4_] (20150930/hwxface-580)
Sep  5 14:09:00 cu-cs-vm kernel: [    0.360287] ACPI: (supports S0 S5)
Sep  5 14:09:00 cu-cs-vm kernel: [    0.360679] ACPI: Using IOAPIC for interrupt routing
Sep  5 14:09:00 cu-cs-vm kernel: [    0.361260] PCI: Using host bridge windows from ACPI; if necessary, use "pci=nocrs" and report a bug
Sep  5 14:09:00 cu-cs-vm kernel: [    0.364726] ACPI: PCI Root Bridge [PCI0] (domain 0000 [bus 00-ff])
Sep  5 14:09:00 cu-cs-vm kernel: [    0.365194] acpi PNP0A03:00: _OSC: OS supports [ASPM ClockPM Segments MSI]
Sep  5 14:09:00 cu-cs-vm kernel: [    0.366239] acpi PNP0A03:00: _OSC failed (AE_NOT_FOUND); disabling ASPM
Sep  5 14:09:00 cu-cs-vm kernel: [    0.366777] acpi PNP0A03:00: fail to add MMCONFIG information, can't access extended PCI configuration space under this bridge.
Sep  5 14:09:00 cu-cs-vm kernel: [    0.368111] PCI host bridge to bus 0000:00
Sep  5 14:09:00 cu-cs-vm kernel: [    0.368508] pci_bus 0000:00: root bus resource [io  0x0000-0x0cf7 window]
Sep  5 14:09:00 cu-cs-vm kernel: [    0.369006] pci_bus 0000:00: root bus resource [io  0x0d00-0xffff window]
Sep  5 14:09:00 cu-cs-vm kernel: [    0.369483] pci_bus 0000:00: root bus resource [mem 0x000a0000-0x000bffff window]
Sep  5 14:09:00 cu-cs-vm kernel: [    0.370879] pci_bus 0000:00: root bus resource [mem 0x80000000-0xffdfffff window]
Sep  5 14:09:00 cu-cs-vm kernel: [    0.371668] pci_bus 0000:00: root bus resource [bus 00-ff]
Sep  5 14:09:00 cu-cs-vm kernel: [    0.372166] pci 0000:00:00.0: [8086:1237] type 00 class 0x060000
Sep  5 14:09:00 cu-cs-vm kernel: [    0.372704] pci 0000:00:01.0: [8086:7000] type 00 class 0x060100
Sep  5 14:09:00 cu-cs-vm kernel: [    0.373305] pci 0000:00:02.0: [80ee:beef] type 00 class 0x030000
Sep  5 14:09:00 cu-cs-vm kernel: [    0.378880] pci 0000:00:02.0: reg 0x10: [mem 0xe0000000-0xe3ffffff pref]
Sep  5 14:09:00 cu-cs-vm kernel: [    0.404147] pci 0000:00:03.0: [8086:100e] type 00 class 0x020000
Sep  5 14:09:00 cu-cs-vm kernel: [    0.405439] pci 0000:00:03.0: reg 0x10: [mem 0xf0000000-0xf001ffff]
Sep  5 14:09:00 cu-cs-vm kernel: [    0.408155] pci 0000:00:03.0: reg 0x18: [io  0xd000-0xd007]
Sep  5 14:09:00 cu-cs-vm kernel: [    0.416675] pci 0000:00:04.0: [80ee:cafe] type 00 class 0x088000
Sep  5 14:09:00 cu-cs-vm kernel: [    0.418026] pci 0000:00:04.0: reg 0x10: [io  0xd020-0xd03f]
Sep  5 14:09:00 cu-cs-vm kernel: [    0.419365] pci 0000:00:04.0: reg 0x14: [mem 0xf0400000-0xf07fffff]
Sep  5 14:09:00 cu-cs-vm kernel: [    0.420703] pci 0000:00:04.0: reg 0x18: [mem 0xf0800000-0xf0803fff pref]
Sep  5 14:09:00 cu-cs-vm kernel: [    0.426158] pci 0000:00:05.0: [8086:2415] type 00 class 0x040100
Sep  5 14:09:00 cu-cs-vm kernel: [    0.426281] pci 0000:00:05.0: reg 0x10: [io  0xd100-0xd1ff]
Sep  5 14:09:00 cu-cs-vm kernel: [    0.426352] pci 0000:00:05.0: reg 0x14: [io  0xd200-0xd23f]
Sep  5 14:09:00 cu-cs-vm kernel: [    0.426913] pci 0000:00:06.0: [106b:003f] type 00 class 0x0c0310
Sep  5 14:09:00 cu-cs-vm kernel: [    0.428292] pci 0000:00:06.0: reg 0x10: [mem 0xf0804000-0xf0804fff]
Sep  5 14:09:00 cu-cs-vm kernel: [    0.436275] pci 0000:00:07.0: [8086:7113] type 00 class 0x068000
Sep  5 14:09:00 cu-cs-vm kernel: [    0.437085] pci 0000:00:0d.0: [8086:2829] type 00 class 0x010601
Sep  5 14:09:00 cu-cs-vm kernel: [    0.438403] pci 0000:00:0d.0: reg 0x10: [io  0xd240-0xd247]
Sep  5 14:09:00 cu-cs-vm kernel: [    0.440999] pci 0000:00:0d.0: reg 0x18: [io  0xd250-0xd257]
Sep  5 14:09:00 cu-cs-vm kernel: [    0.443496] pci 0000:00:0d.0: reg 0x20: [io  0xd260-0xd26f]
Sep  5 14:09:00 cu-cs-vm kernel: [    0.444807] pci 0000:00:0d.0: reg 0x24: [mem 0xf0806000-0xf0807fff]
Sep  5 14:09:00 cu-cs-vm kernel: [    0.447734] ACPI: PCI Interrupt Link [LNKA] (IRQs 5 9 10 *11)
Sep  5 14:09:00 cu-cs-vm kernel: [    0.460509] ACPI: PCI Interrupt Link [LNKB] (IRQs 5 9 10 *11)
Sep  5 14:09:00 cu-cs-vm kernel: [    0.461256] ACPI: PCI Interrupt Link [LNKC] (IRQs 5 9 *10 11)
Sep  5 14:09:00 cu-cs-vm kernel: [    0.462034] ACPI: PCI Interrupt Link [LNKD] (IRQs 5 *9 10 11)
Sep  5 14:09:00 cu-cs-vm kernel: [    0.462830] ACPI: Enabled 2 GPEs in block 00 to 07
Sep  5 14:09:00 cu-cs-vm kernel: [    0.463645] vgaarb: setting as boot device: PCI:0000:00:02.0
Sep  5 14:09:00 cu-cs-vm kernel: [    0.464050] vgaarb: device added: PCI:0000:00:02.0,decodes=io+mem,owns=io+mem,locks=none
Sep  5 14:09:00 cu-cs-vm kernel: [    0.464740] vgaarb: loaded
Sep  5 14:09:00 cu-cs-vm kernel: [    0.465057] vgaarb: bridge control possible 0000:00:02.0
Sep  5 14:09:00 cu-cs-vm kernel: [    0.465692] SCSI subsystem initialized
Sep  5 14:09:00 cu-cs-vm kernel: [    0.466490] libata version 3.00 loaded.
Sep  5 14:09:00 cu-cs-vm kernel: [    0.466533] ACPI: bus type USB registered
Sep  5 14:09:00 cu-cs-vm kernel: [    0.466952] usbcore: registered new interface driver usbfs
Sep  5 14:09:00 cu-cs-vm kernel: [    0.467514] usbcore: registered new interface driver hub
Sep  5 14:09:00 cu-cs-vm kernel: [    0.468098] usbcore: registered new device driver usb
Sep  5 14:09:00 cu-cs-vm kernel: [    0.468948] PCI: Using ACPI for IRQ routing
Sep  5 14:09:00 cu-cs-vm kernel: [    0.469334] PCI: pci_cache_line_size set to 64 bytes
Sep  5 14:09:00 cu-cs-vm kernel: [    0.469530] e820: reserve RAM buffer [mem 0x0009fc00-0x0009ffff]
Sep  5 14:09:00 cu-cs-vm kernel: [    0.469539] e820: reserve RAM buffer [mem 0x7fff0000-0x7fffffff]
Sep  5 14:09:00 cu-cs-vm kernel: [    0.469712] NetLabel: Initializing
Sep  5 14:09:00 cu-cs-vm kernel: [    0.470073] NetLabel:  domain hash size = 128
Sep  5 14:09:00 cu-cs-vm kernel: [    0.470541] NetLabel:  protocols = UNLABELED CIPSOv4
Sep  5 14:09:00 cu-cs-vm kernel: [    0.470999] NetLabel:  unlabeled traffic allowed by default
Sep  5 14:09:00 cu-cs-vm kernel: [    0.471718] clocksource: Switched to clocksource kvm-clock
Sep  5 14:09:00 cu-cs-vm kernel: [    0.481560] AppArmor: AppArmor Filesystem Enabled
Sep  5 14:09:00 cu-cs-vm kernel: [    0.482006] pnp: PnP ACPI init
Sep  5 14:09:00 cu-cs-vm kernel: [    0.482396] pnp 00:00: Plug and Play ACPI device, IDs PNP0303 (active)
Sep  5 14:09:00 cu-cs-vm kernel: [    0.482460] pnp 00:01: Plug and Play ACPI device, IDs PNP0f03 (active)
Sep  5 14:09:00 cu-cs-vm kernel: [    0.483139] pnp: PnP ACPI: found 2 devices
Sep  5 14:09:00 cu-cs-vm kernel: [    0.501790] clocksource: acpi_pm: mask: 0xffffff max_cycles: 0xffffff, max_idle_ns: 2085701024 ns
Sep  5 14:09:00 cu-cs-vm kernel: [    0.502651] pci_bus 0000:00: resource 4 [io  0x0000-0x0cf7 window]
Sep  5 14:09:00 cu-cs-vm kernel: [    0.502654] pci_bus 0000:00: resource 5 [io  0x0d00-0xffff window]
Sep  5 14:09:00 cu-cs-vm kernel: [    0.502655] pci_bus 0000:00: resource 6 [mem 0x000a0000-0x000bffff window]
Sep  5 14:09:00 cu-cs-vm kernel: [    0.502657] pci_bus 0000:00: resource 7 [mem 0x80000000-0xffdfffff window]
Sep  5 14:09:00 cu-cs-vm kernel: [    0.502696] NET: Registered protocol family 2
Sep  5 14:09:00 cu-cs-vm kernel: [    0.503427] TCP established hash table entries: 16384 (order: 5, 131072 bytes)
Sep  5 14:09:00 cu-cs-vm kernel: [    0.504301] TCP bind hash table entries: 16384 (order: 6, 262144 bytes)
Sep  5 14:09:00 cu-cs-vm kernel: [    0.504781] TCP: Hash tables configured (established 16384 bind 16384)
Sep  5 14:09:00 cu-cs-vm kernel: [    0.505252] UDP hash table entries: 1024 (order: 3, 32768 bytes)
Sep  5 14:09:00 cu-cs-vm kernel: [    0.505692] UDP-Lite hash table entries: 1024 (order: 3, 32768 bytes)
Sep  5 14:09:00 cu-cs-vm kernel: [    0.506196] NET: Registered protocol family 1
Sep  5 14:09:00 cu-cs-vm kernel: [    0.506592] pci 0000:00:00.0: Limiting direct PCI/PCI transfers
Sep  5 14:09:00 cu-cs-vm kernel: [    0.507131] pci 0000:00:01.0: Activating ISA DMA hang workarounds
Sep  5 14:09:00 cu-cs-vm kernel: [    0.508270] pci 0000:00:02.0: Video device with shadowed ROM
Sep  5 14:09:00 cu-cs-vm kernel: [    0.509977] PCI: CLS 0 bytes, default 64
Sep  5 14:09:00 cu-cs-vm kernel: [    0.510502] Trying to unpack rootfs image as initramfs...
Sep  5 14:09:00 cu-cs-vm kernel: [    1.051285] Freeing initrd memory: 35632K (ffff880033a58000 - ffff880035d24000)
Sep  5 14:09:00 cu-cs-vm kernel: [    1.052045] RAPL PMU detected, API unit is 2^-32 Joules, 4 fixed counters 10737418240 ms ovfl timer
Sep  5 14:09:00 cu-cs-vm kernel: [    1.052786] hw unit of domain pp0-core 2^-0 Joules
Sep  5 14:09:00 cu-cs-vm kernel: [    1.053167] hw unit of domain package 2^-0 Joules
Sep  5 14:09:00 cu-cs-vm kernel: [    1.053540] hw unit of domain dram 2^-0 Joules
Sep  5 14:09:00 cu-cs-vm kernel: [    1.053905] hw unit of domain pp1-gpu 2^-0 Joules
Sep  5 14:09:00 cu-cs-vm kernel: [    1.054336] platform rtc_cmos: registered platform RTC device (no PNP device found)
Sep  5 14:09:00 cu-cs-vm kernel: [    1.055067] Scanning for low memory corruption every 60 seconds
Sep  5 14:09:00 cu-cs-vm kernel: [    1.056099] futex hash table entries: 512 (order: 3, 32768 bytes)
Sep  5 14:09:00 cu-cs-vm kernel: [    1.056535] audit: initializing netlink subsys (disabled)
Sep  5 14:09:00 cu-cs-vm kernel: [    1.056942] audit: type=2000 audit(1473106148.464:1): initialized
Sep  5 14:09:00 cu-cs-vm kernel: [    1.057625] Initialise system trusted keyring
Sep  5 14:09:00 cu-cs-vm kernel: [    1.058293] HugeTLB registered 2 MB page size, pre-allocated 0 pages
Sep  5 14:09:00 cu-cs-vm kernel: [    1.059995] zbud: loaded
Sep  5 14:09:00 cu-cs-vm kernel: [    1.060584] VFS: Disk quotas dquot_6.6.0
Sep  5 14:09:00 cu-cs-vm kernel: [    1.060989] VFS: Dquot-cache hash table entries: 512 (order 0, 4096 bytes)
Sep  5 14:09:00 cu-cs-vm kernel: [    1.061752] squashfs: version 4.0 (2009/01/31) Phillip Lougher
Sep  5 14:09:00 cu-cs-vm kernel: [    1.062573] fuse init (API version 7.23)
Sep  5 14:09:00 cu-cs-vm kernel: [    1.063224] Key type big_key registered
Sep  5 14:09:00 cu-cs-vm kernel: [    1.063667] Allocating IMA MOK and blacklist keyrings.
Sep  5 14:09:00 cu-cs-vm kernel: [    1.067831] Key type asymmetric registered
Sep  5 14:09:00 cu-cs-vm kernel: [    1.068206] Asymmetric key parser 'x509' registered
Sep  5 14:09:00 cu-cs-vm kernel: [    1.068656] Block layer SCSI generic (bsg) driver version 0.4 loaded (major 249)
Sep  5 14:09:00 cu-cs-vm kernel: [    1.069864] io scheduler noop registered
Sep  5 14:09:00 cu-cs-vm kernel: [    1.070421] io scheduler deadline registered (default)
Sep  5 14:09:00 cu-cs-vm kernel: [    1.071067] io scheduler cfq registered
Sep  5 14:09:00 cu-cs-vm kernel: [    1.071780] pci_hotplug: PCI Hot Plug PCI Core version: 0.5
Sep  5 14:09:00 cu-cs-vm kernel: [    1.072416] pciehp: PCI Express Hot Plug Controller Driver version: 0.4
Sep  5 14:09:00 cu-cs-vm kernel: [    1.073386] intel_idle: does not run on family 6 model 69
Sep  5 14:09:00 cu-cs-vm kernel: [    1.073798] ACPI: AC Adapter [AC] (on-line)
Sep  5 14:09:00 cu-cs-vm kernel: [    1.074498] input: Power Button as /devices/LNXSYSTM:00/LNXPWRBN:00/input/input0
Sep  5 14:09:00 cu-cs-vm kernel: [    1.075500] ACPI: Power Button [PWRF]
Sep  5 14:09:00 cu-cs-vm kernel: [    1.076248] input: Sleep Button as /devices/LNXSYSTM:00/LNXSLPBN:00/input/input1
Sep  5 14:09:00 cu-cs-vm kernel: [    1.077617] ACPI: Sleep Button [SLPF]
Sep  5 14:09:00 cu-cs-vm kernel: [    1.078443] GHES: HEST is not enabled!
Sep  5 14:09:00 cu-cs-vm kernel: [    1.079620] ACPI: Battery Slot [BAT0] (battery present)
Sep  5 14:09:00 cu-cs-vm kernel: [    1.080151] Serial: 8250/16550 driver, 32 ports, IRQ sharing enabled
Sep  5 14:09:00 cu-cs-vm kernel: [    1.087750] Linux agpgart interface v0.103
Sep  5 14:09:00 cu-cs-vm kernel: [    1.093010] brd: module loaded
Sep  5 14:09:00 cu-cs-vm kernel: [    1.099110] loop: module loaded
Sep  5 14:09:00 cu-cs-vm kernel: [    1.099702] libphy: Fixed MDIO Bus: probed
Sep  5 14:09:00 cu-cs-vm kernel: [    1.100164] tun: Universal TUN/TAP device driver, 1.6
Sep  5 14:09:00 cu-cs-vm kernel: [    1.100591] tun: (C) 1999-2004 Max Krasnyansky <maxk@qualcomm.com>
Sep  5 14:09:00 cu-cs-vm kernel: [    1.101393] PPP generic driver version 2.4.2
Sep  5 14:09:00 cu-cs-vm kernel: [    1.101960] ehci_hcd: USB 2.0 'Enhanced' Host Controller (EHCI) Driver
Sep  5 14:09:00 cu-cs-vm kernel: [    1.102460] ehci-pci: EHCI PCI platform driver
Sep  5 14:09:00 cu-cs-vm kernel: [    1.103281] ehci-platform: EHCI generic platform driver
Sep  5 14:09:00 cu-cs-vm kernel: [    1.103685] ohci_hcd: USB 1.1 'Open' Host Controller (OHCI) Driver
Sep  5 14:09:00 cu-cs-vm kernel: [    1.104203] ohci-pci: OHCI PCI platform driver
Sep  5 14:09:00 cu-cs-vm kernel: [    1.105053] ohci-pci 0000:00:06.0: OHCI PCI host controller
Sep  5 14:09:00 cu-cs-vm kernel: [    1.105462] ohci-pci 0000:00:06.0: new USB bus registered, assigned bus number 1
Sep  5 14:09:00 cu-cs-vm kernel: [    1.106177] ohci-pci 0000:00:06.0: irq 22, io mem 0xf0804000
Sep  5 14:09:00 cu-cs-vm kernel: [    1.165088] usb usb1: New USB device found, idVendor=1d6b, idProduct=0001
Sep  5 14:09:00 cu-cs-vm kernel: [    1.165624] usb usb1: New USB device strings: Mfr=3, Product=2, SerialNumber=1
Sep  5 14:09:00 cu-cs-vm kernel: [    1.166407] usb usb1: Product: OHCI PCI host controller
Sep  5 14:09:00 cu-cs-vm kernel: [    1.166837] usb usb1: Manufacturer: Linux 4.4.0-34-generic ohci_hcd
Sep  5 14:09:00 cu-cs-vm kernel: [    1.167302] usb usb1: SerialNumber: 0000:00:06.0
Sep  5 14:09:00 cu-cs-vm kernel: [    1.168029] hub 1-0:1.0: USB hub found
Sep  5 14:09:00 cu-cs-vm kernel: [    1.168429] hub 1-0:1.0: 12 ports detected
Sep  5 14:09:00 cu-cs-vm kernel: [    1.169203] ohci-platform: OHCI generic platform driver
Sep  5 14:09:00 cu-cs-vm kernel: [    1.169645] uhci_hcd: USB Universal Host Controller Interface driver
Sep  5 14:09:00 cu-cs-vm kernel: [    1.170165] i8042: PNP: PS/2 Controller [PNP0303:PS2K,PNP0f03:PS2M] at 0x60,0x64 irq 1,12
Sep  5 14:09:00 cu-cs-vm kernel: [    1.171311] serio: i8042 KBD port at 0x60,0x64 irq 1
Sep  5 14:09:00 cu-cs-vm kernel: [    1.171695] serio: i8042 AUX port at 0x60,0x64 irq 12
Sep  5 14:09:00 cu-cs-vm kernel: [    1.172447] mousedev: PS/2 mouse device common for all mice
Sep  5 14:09:00 cu-cs-vm kernel: [    1.173826] input: AT Translated Set 2 keyboard as /devices/platform/i8042/serio0/input/input2
Sep  5 14:09:00 cu-cs-vm kernel: [    1.175353] rtc_cmos rtc_cmos: rtc core: registered rtc_cmos as rtc0
Sep  5 14:09:00 cu-cs-vm kernel: [    1.175906] rtc_cmos rtc_cmos: alarms up to one day, 114 bytes nvram
Sep  5 14:09:00 cu-cs-vm kernel: [    1.176396] i2c /dev entries driver
Sep  5 14:09:00 cu-cs-vm kernel: [    1.176879] device-mapper: uevent: version 1.0.3
Sep  5 14:09:00 cu-cs-vm kernel: [    1.177567] device-mapper: ioctl: 4.34.0-ioctl (2015-10-28) initialised: dm-devel@redhat.com
Sep  5 14:09:00 cu-cs-vm kernel: [    1.178322] ledtrig-cpu: registered to indicate activity on CPUs
Sep  5 14:09:00 cu-cs-vm kernel: [    1.179509] NET: Registered protocol family 10
Sep  5 14:09:00 cu-cs-vm kernel: [    1.180129] NET: Registered protocol family 17
Sep  5 14:09:00 cu-cs-vm kernel: [    1.180524] Key type dns_resolver registered
Sep  5 14:09:00 cu-cs-vm kernel: [    1.181400] microcode: CPU0 sig=0x40651, pf=0x40, revision=0x0
Sep  5 14:09:00 cu-cs-vm kernel: [    1.182115] microcode: CPU1 sig=0x40651, pf=0x40, revision=0x0
Sep  5 14:09:00 cu-cs-vm kernel: [    1.182966] microcode: Microcode Update Driver: v2.01 <tigran@aivazian.fsnet.co.uk>, Peter Oruba
Sep  5 14:09:00 cu-cs-vm kernel: [    1.184427] registered taskstats version 1
Sep  5 14:09:00 cu-cs-vm kernel: [    1.184806] Loading compiled-in X.509 certificates
Sep  5 14:09:00 cu-cs-vm kernel: [    1.186331] Loaded X.509 cert 'Build time autogenerated kernel key: c40ffa48d8617ce4553ee3ab59017c95e74f2501'
Sep  5 14:09:00 cu-cs-vm kernel: [    1.187102] zswap: loaded using pool lzo/zbud
Sep  5 14:09:00 cu-cs-vm kernel: [    1.189532] Key type trusted registered
Sep  5 14:09:00 cu-cs-vm kernel: [    1.196058] Key type encrypted registered
Sep  5 14:09:00 cu-cs-vm kernel: [    1.196532] AppArmor: AppArmor sha1 policy hashing enabled
Sep  5 14:09:00 cu-cs-vm kernel: [    1.197073] ima: No TPM chip found, activating TPM-bypass!
Sep  5 14:09:00 cu-cs-vm kernel: [    1.197586] evm: HMAC attrs: 0x1
Sep  5 14:09:00 cu-cs-vm kernel: [    1.198534]   Magic number: 0:580:143
Sep  5 14:09:00 cu-cs-vm kernel: [    1.198933] block ram8: hash matches
Sep  5 14:09:00 cu-cs-vm kernel: [    1.199516] rtc_cmos rtc_cmos: setting system clock to 2016-09-05 20:08:53 UTC (1473106133)
Sep  5 14:09:00 cu-cs-vm kernel: [    1.200590] BIOS EDD facility v0.16 2004-Jun-25, 0 devices found
Sep  5 14:09:00 cu-cs-vm kernel: [    1.201010] EDD information not available.
Sep  5 14:09:00 cu-cs-vm kernel: [    1.201406] PM: Hibernation image not present or could not be loaded.
Sep  5 14:09:00 cu-cs-vm kernel: [    1.202359] Freeing unused kernel memory: 1480K (ffffffff81f42000 - ffffffff820b4000)
Sep  5 14:09:00 cu-cs-vm kernel: [    1.203144] Write protecting the kernel read-only data: 14336k
Sep  5 14:09:00 cu-cs-vm kernel: [    1.204773] Freeing unused kernel memory: 1832K (ffff880001836000 - ffff880001a00000)
Sep  5 14:09:00 cu-cs-vm kernel: [    1.206059] Freeing unused kernel memory: 152K (ffff880001dda000 - ffff880001e00000)
Sep  5 14:09:00 cu-cs-vm kernel: [    1.221627] random: systemd-udevd urandom read with 1 bits of entropy available
Sep  5 14:09:00 cu-cs-vm kernel: [    1.257385] e1000: Intel(R) PRO/1000 Network Driver - version 7.3.21-k8-NAPI
Sep  5 14:09:00 cu-cs-vm kernel: [    1.258078] e1000: Copyright (c) 1999-2006 Intel Corporation.
Sep  5 14:09:00 cu-cs-vm kernel: [    1.271633] [drm] Initialized drm 1.1.0 20060810
Sep  5 14:09:00 cu-cs-vm kernel: [    1.293128] ACPI: Video Device [GFX0] (multi-head: yes  rom: no  post: no)
Sep  5 14:09:00 cu-cs-vm kernel: [    1.293643] input: Video Bus as /devices/LNXSYSTM:00/LNXSYBUS:00/PNP0A03:00/LNXVIDEO:00/input/input4
Sep  5 14:09:00 cu-cs-vm kernel: [    1.295547] FUJITSU Extended Socket Network Device Driver - version 1.0 - Copyright (c) 2015 FUJITSU LIMITED
Sep  5 14:09:00 cu-cs-vm kernel: [    1.557322] input: ImExPS/2 Generic Explorer Mouse as /devices/platform/i8042/serio1/input/input5
Sep  5 14:09:00 cu-cs-vm kernel: [    1.575836] usb 1-1: new full-speed USB device number 2 using ohci-pci
Sep  5 14:09:00 cu-cs-vm kernel: [    1.741066] e1000 0000:00:03.0 eth0: (PCI:33MHz:32-bit) 08:00:27:1a:f0:ed
Sep  5 14:09:00 cu-cs-vm kernel: [    1.741697] e1000 0000:00:03.0 eth0: Intel(R) PRO/1000 Network Connection
Sep  5 14:09:00 cu-cs-vm kernel: [    1.742235] ahci 0000:00:0d.0: version 3.0
Sep  5 14:09:00 cu-cs-vm kernel: [    1.742800] ahci 0000:00:0d.0: SSS flag set, parallel bus scan disabled
Sep  5 14:09:00 cu-cs-vm kernel: [    1.743831] ahci 0000:00:0d.0: AHCI 0001.0100 32 slots 2 ports 3 Gbps 0x3 impl SATA mode
Sep  5 14:09:00 cu-cs-vm kernel: [    1.744850] ahci 0000:00:0d.0: flags: 64bit ncq stag only ccc 
Sep  5 14:09:00 cu-cs-vm kernel: [    1.746287] scsi host0: ahci
Sep  5 14:09:00 cu-cs-vm kernel: [    1.746781] scsi host1: ahci
Sep  5 14:09:00 cu-cs-vm kernel: [    1.747161] ata1: SATA max UDMA/133 abar m8192@0xf0806000 port 0xf0806100 irq 21
Sep  5 14:09:00 cu-cs-vm kernel: [    1.748348] ata2: SATA max UDMA/133 abar m8192@0xf0806000 port 0xf0806180 irq 21
Sep  5 14:09:00 cu-cs-vm kernel: [    1.748810] e1000 0000:00:03.0 enp0s3: renamed from eth0
Sep  5 14:09:00 cu-cs-vm kernel: [    1.752082] vgdrvHeartbeatInit: Setting up heartbeat to trigger every 2000 milliseconds
Sep  5 14:09:00 cu-cs-vm kernel: [    1.753244] input: Unspecified device as /devices/pci0000:00/0000:00:04.0/input/input6
Sep  5 14:09:00 cu-cs-vm kernel: [    1.765734] vboxguest: misc device minor 55, IRQ 20, I/O port d020, MMIO at 00000000f0400000 (size 0x400000)
Sep  5 14:09:00 cu-cs-vm kernel: [    1.766769] vboxguest: Successfully loaded version 5.0.18_Ubuntu (interface 0x00010004)
Sep  5 14:09:00 cu-cs-vm kernel: [    1.778978] [drm] VRAM 04000000
Sep  5 14:09:00 cu-cs-vm kernel: [    1.780114] [TTM] Zone  kernel: Available graphics memory: 958626 kiB
Sep  5 14:09:00 cu-cs-vm kernel: [    1.780906] [TTM] Initializing pool allocator
Sep  5 14:09:00 cu-cs-vm kernel: [    1.781900] [TTM] Initializing DMA pool allocator
Sep  5 14:09:00 cu-cs-vm kernel: [    1.782942] fbcon: vboxdrmfb (fb0) is primary device
Sep  5 14:09:00 cu-cs-vm kernel: [    1.792537] Console: switching to colour frame buffer device 100x37
Sep  5 14:09:00 cu-cs-vm kernel: [    1.794315] vboxvideo 0000:00:02.0: fb0: vboxdrmfb frame buffer device
Sep  5 14:09:00 cu-cs-vm kernel: [    1.803952] [drm] Initialized vboxvideo 1.0.0 20130823 for 0000:00:02.0 on minor 0
Sep  5 14:09:00 cu-cs-vm kernel: [    1.838235] usb 1-1: New USB device found, idVendor=80ee, idProduct=0021
Sep  5 14:09:00 cu-cs-vm kernel: [    1.838268] usb 1-1: New USB device strings: Mfr=1, Product=3, SerialNumber=0
Sep  5 14:09:00 cu-cs-vm kernel: [    1.838288] usb 1-1: Product: USB Tablet
Sep  5 14:09:00 cu-cs-vm kernel: [    1.838300] usb 1-1: Manufacturer: VirtualBox
Sep  5 14:09:00 cu-cs-vm kernel: [    1.846784] hidraw: raw HID events driver (C) Jiri Kosina
Sep  5 14:09:00 cu-cs-vm kernel: [    1.859354] usbcore: registered new interface driver usbhid
Sep  5 14:09:00 cu-cs-vm kernel: [    1.859392] usbhid: USB HID core driver
Sep  5 14:09:00 cu-cs-vm kernel: [    1.866022] input: VirtualBox USB Tablet as /devices/pci0000:00/0000:00:06.0/usb1/1-1/1-1:1.0/0003:80EE:0021.0001/input/input7
Sep  5 14:09:00 cu-cs-vm kernel: [    1.867088] hid-generic 0003:80EE:0021.0001: input,hidraw0: USB HID v1.10 Mouse [VirtualBox USB Tablet] on usb-0000:00:06.0-1/input0
Sep  5 14:09:00 cu-cs-vm kernel: [    2.055834] tsc: Refined TSC clocksource calibration: 2603.567 MHz
Sep  5 14:09:00 cu-cs-vm kernel: [    2.056420] clocksource: tsc: mask: 0xffffffffffffffff max_cycles: 0x258765cb312, max_idle_ns: 440795319838 ns
Sep  5 14:09:00 cu-cs-vm kernel: [    2.068060] ata1: SATA link up 3.0 Gbps (SStatus 123 SControl 300)
Sep  5 14:09:00 cu-cs-vm kernel: [    2.069043] ata1.00: ATA-8: VBOX HARDDISK, 1.0, max UDMA/133
Sep  5 14:09:00 cu-cs-vm kernel: [    2.069684] ata1.00: 134217728 sectors, multi 128: LBA48 NCQ (depth 31/32)
Sep  5 14:09:00 cu-cs-vm kernel: [    2.070688] ata1.00: configured for UDMA/133
Sep  5 14:09:00 cu-cs-vm kernel: [    2.071958] scsi 0:0:0:0: Direct-Access     ATA      VBOX HARDDISK    1.0  PQ: 0 ANSI: 5
Sep  5 14:09:00 cu-cs-vm kernel: [    2.073625] sd 0:0:0:0: [sda] 134217728 512-byte logical blocks: (68.7 GB/64.0 GiB)
Sep  5 14:09:00 cu-cs-vm kernel: [    2.074512] sd 0:0:0:0: [sda] Write Protect is off
Sep  5 14:09:00 cu-cs-vm kernel: [    2.075190] sd 0:0:0:0: [sda] Mode Sense: 00 3a 00 00
Sep  5 14:09:00 cu-cs-vm kernel: [    2.075222] sd 0:0:0:0: [sda] Write cache: enabled, read cache: enabled, doesn't support DPO or FUA
Sep  5 14:09:00 cu-cs-vm kernel: [    2.076444] sd 0:0:0:0: Attached scsi generic sg0 type 0
Sep  5 14:09:00 cu-cs-vm kernel: [    2.077586]  sda: sda1
Sep  5 14:09:00 cu-cs-vm kernel: [    2.078239] sd 0:0:0:0: [sda] Attached SCSI disk
Sep  5 14:09:00 cu-cs-vm kernel: [    2.396118] ata2: SATA link up 3.0 Gbps (SStatus 123 SControl 300)
Sep  5 14:09:00 cu-cs-vm kernel: [    2.396834] ata2.00: ATAPI: VBOX CD-ROM, 1.0, max UDMA/133
Sep  5 14:09:00 cu-cs-vm kernel: [    2.397379] ata2.00: applying bridge limits
Sep  5 14:09:00 cu-cs-vm kernel: [    2.398155] ata2.00: configured for UDMA/100
Sep  5 14:09:00 cu-cs-vm kernel: [    2.399399] scsi 1:0:0:0: CD-ROM            VBOX     CD-ROM           1.0  PQ: 0 ANSI: 5
Sep  5 14:09:00 cu-cs-vm kernel: [    2.408848] sr 1:0:0:0: [sr0] scsi3-mmc drive: 32x/32x xa/form2 tray
Sep  5 14:09:00 cu-cs-vm kernel: [    2.410080] cdrom: Uniform CD-ROM driver Revision: 3.20
Sep  5 14:09:00 cu-cs-vm kernel: [    2.411740] sr 1:0:0:0: Attached scsi CD-ROM sr0
Sep  5 14:09:00 cu-cs-vm kernel: [    2.412995] sr 1:0:0:0: Attached scsi generic sg1 type 5
Sep  5 14:09:00 cu-cs-vm kernel: [    4.372330] floppy0: no floppy controllers found
Sep  5 14:09:00 cu-cs-vm kernel: [    4.471948] raid6: sse2x1   gen()  7675 MB/s
Sep  5 14:09:00 cu-cs-vm kernel: [    4.540073] raid6: sse2x1   xor()  7036 MB/s
Sep  5 14:09:00 cu-cs-vm kernel: [    4.607983] raid6: sse2x2   gen() 11361 MB/s
Sep  5 14:09:00 cu-cs-vm kernel: [    4.677143] raid6: sse2x2   xor()  7470 MB/s
Sep  5 14:09:00 cu-cs-vm kernel: [    4.744839] raid6: sse2x4   gen() 13835 MB/s
Sep  5 14:09:00 cu-cs-vm kernel: [    4.811991] raid6: sse2x4   xor()  9474 MB/s
Sep  5 14:09:00 cu-cs-vm kernel: [    4.812453] raid6: using algorithm sse2x4 gen() 13835 MB/s
Sep  5 14:09:00 cu-cs-vm kernel: [    4.813058] raid6: .... xor() 9474 MB/s, rmw enabled
Sep  5 14:09:00 cu-cs-vm kernel: [    4.813817] raid6: using ssse3x2 recovery algorithm
Sep  5 14:09:00 cu-cs-vm kernel: [    4.816916] xor: automatically using best checksumming function:
Sep  5 14:09:00 cu-cs-vm kernel: [    4.855907]    avx       : 18439.000 MB/sec
Sep  5 14:09:00 cu-cs-vm kernel: [    4.872322] Btrfs loaded
Sep  5 14:09:00 cu-cs-vm kernel: [    4.933271] BTRFS: device fsid 7edb9fb6-5937-400b-b2d4-95dbf988ef57 devid 1 transid 8940 /dev/sda1
Sep  5 14:09:00 cu-cs-vm kernel: [    4.985622] BTRFS info (device sda1): disk space caching is enabled
Sep  5 14:09:00 cu-cs-vm kernel: [    4.986180] BTRFS: has skinny extents
Sep  5 14:09:00 cu-cs-vm kernel: [    5.005724] BTRFS: detected SSD devices, enabling SSD mode
Sep  5 14:09:00 cu-cs-vm kernel: [    5.473467] lp: driver loaded but no devices found
Sep  5 14:09:00 cu-cs-vm kernel: [    5.484645] ppdev: user-space parallel port driver
Sep  5 14:09:00 cu-cs-vm kernel: [    5.890044] BTRFS info (device sda1): enabling auto defrag
Sep  5 14:09:00 cu-cs-vm kernel: [    5.890050] BTRFS info (device sda1): disk space caching is enabled
Sep  5 14:09:00 cu-cs-vm kernel: [    6.399591] piix4_smbus 0000:00:07.0: SMBus base address uninitialized - upgrade BIOS or use force_addr=0xaddr
Sep  5 14:09:00 cu-cs-vm kernel: [    6.627033] snd_intel8x0 0000:00:05.0: disable (unknown or VT-d) VM optimization
Sep  5 14:09:00 cu-cs-vm kernel: [    6.789379] AVX version of gcm_enc/dec engaged.
Sep  5 14:09:00 cu-cs-vm kernel: [    6.789384] AES CTR mode by8 optimization enabled
Sep  5 14:09:00 cu-cs-vm kernel: [    6.856104] BTRFS error (device sda1): could not find root 8
Sep  5 14:09:00 cu-cs-vm kernel: [    6.856551] BTRFS error (device sda1): could not find root 8
Sep  5 14:09:00 cu-cs-vm kernel: [    6.933909] snd_intel8x0 0000:00:05.0: white list rate for 1028:0177 is 48000
Sep  5 14:09:00 cu-cs-vm kernel: [    7.091575] intel_rapl: no valid rapl domains found in package 0
Sep  5 14:09:00 cu-cs-vm kernel: [    7.126478] intel_rapl: no valid rapl domains found in package 0
Sep  5 14:09:00 cu-cs-vm kernel: [    7.146235] audit: type=1400 audit(1473106139.444:2): apparmor="STATUS" operation="profile_load" profile="unconfined" name="/usr/lib/lightdm/lightdm-guest-session" pid=1487 comm="apparmor_parser"
Sep  5 14:09:00 cu-cs-vm kernel: [    7.146295] audit: type=1400 audit(1473106139.444:3): apparmor="STATUS" operation="profile_load" profile="unconfined" name="/usr/lib/lightdm/lightdm-guest-session//chromium" pid=1487 comm="apparmor_parser"
Sep  5 14:09:00 cu-cs-vm kernel: [    7.149045] audit: type=1400 audit(1473106139.448:4): apparmor="STATUS" operation="profile_load" profile="unconfined" name="/sbin/dhclient" pid=1488 comm="apparmor_parser"
Sep  5 14:09:00 cu-cs-vm kernel: [    7.149054] audit: type=1400 audit(1473106139.448:5): apparmor="STATUS" operation="profile_load" profile="unconfined" name="/usr/lib/NetworkManager/nm-dhcp-client.action" pid=1488 comm="apparmor_parser"
Sep  5 14:09:00 cu-cs-vm kernel: [    7.149058] audit: type=1400 audit(1473106139.448:6): apparmor="STATUS" operation="profile_load" profile="unconfined" name="/usr/lib/NetworkManager/nm-dhcp-helper" pid=1488 comm="apparmor_parser"
Sep  5 14:09:00 cu-cs-vm kernel: [    7.149063] audit: type=1400 audit(1473106139.448:7): apparmor="STATUS" operation="profile_load" profile="unconfined" name="/usr/lib/connman/scripts/dhclient-script" pid=1488 comm="apparmor_parser"
Sep  5 14:09:00 cu-cs-vm kernel: [    7.162356] audit: type=1400 audit(1473106139.460:8): apparmor="STATUS" operation="profile_load" profile="unconfined" name="/usr/bin/ubuntu-core-launcher" pid=1510 comm="apparmor_parser"
Sep  5 14:09:00 cu-cs-vm kernel: [    7.170327] audit: type=1400 audit(1473106139.468:9): apparmor="STATUS" operation="profile_load" profile="unconfined" name="/usr/sbin/cups-browsed" pid=1516 comm="apparmor_parser"
Sep  5 14:09:00 cu-cs-vm kernel: [    7.176910] audit: type=1400 audit(1473106139.472:10): apparmor="STATUS" operation="profile_load" profile="unconfined" name="/usr/bin/evince" pid=1502 comm="apparmor_parser"
Sep  5 14:09:00 cu-cs-vm kernel: [    7.176919] audit: type=1400 audit(1473106139.472:11): apparmor="STATUS" operation="profile_load" profile="unconfined" name="/usr/bin/evince//sanitized_helper" pid=1502 comm="apparmor_parser"
Sep  5 14:09:00 cu-cs-vm systemd-modules-load[649]: Inserted module 'lp'
Sep  5 14:09:00 cu-cs-vm systemd-modules-load[649]: Inserted module 'ppdev'
Sep  5 14:09:00 cu-cs-vm systemd-modules-load[649]: Inserted module 'parport_pc'
Sep  5 14:09:00 cu-cs-vm systemd[1]: Started Load Kernel Modules.
Sep  5 14:09:00 cu-cs-vm systemd[1]: Started Create list of required static device nodes for the current kernel.
Sep  5 14:09:00 cu-cs-vm systemd[1]: Started Uncomplicated firewall.
Sep  5 14:09:00 cu-cs-vm loadkeys[663]: Loading /etc/console-setup/cached.kmap.gz
Sep  5 14:09:00 cu-cs-vm systemd[1]: Started Set console keymap.
Sep  5 14:09:00 cu-cs-vm systemd[1]: Started Nameserver information manager.
Sep  5 14:09:00 cu-cs-vm systemd[1]: Starting Create Static Device Nodes in /dev...
Sep  5 14:09:00 cu-cs-vm systemd[1]: Starting Apply Kernel Variables...
Sep  5 14:09:00 cu-cs-vm systemd[1]: Mounting FUSE Control File System...
Sep  5 14:09:00 cu-cs-vm systemd[1]: Mounted FUSE Control File System.
Sep  5 14:09:00 cu-cs-vm systemd[1]: Started Create Static Device Nodes in /dev.
Sep  5 14:09:00 cu-cs-vm systemd[1]: Started Apply Kernel Variables.
Sep  5 14:09:00 cu-cs-vm systemd[1]: Starting udev Kernel Device Manager...
Sep  5 14:09:00 cu-cs-vm systemd[1]: Started udev Kernel Device Manager.
Sep  5 14:09:00 cu-cs-vm systemd[1]: Starting Remount Root and Kernel File Systems...
Sep  5 14:09:00 cu-cs-vm systemd[1]: Started Remount Root and Kernel File Systems.
Sep  5 14:09:00 cu-cs-vm systemd[1]: Starting Load/Save Random Seed...
Sep  5 14:09:00 cu-cs-vm systemd[1]: Starting Flush Journal to Persistent Storage...
Sep  5 14:09:00 cu-cs-vm systemd[1]: Starting udev Coldplug all Devices...
Sep  5 14:09:00 cu-cs-vm systemd[1]: Reached target Local File Systems (Pre).
Sep  5 14:09:00 cu-cs-vm systemd[1]: Started Load/Save Random Seed.
Sep  5 14:09:00 cu-cs-vm systemd[1]: Started Flush Journal to Persistent Storage.
Sep  5 14:09:00 cu-cs-vm systemd[1]: Started udev Coldplug all Devices.
Sep  5 14:09:00 cu-cs-vm systemd[1]: Started Dispatch Password Requests to Console Directory Watch.
Sep  5 14:09:00 cu-cs-vm mtp-probe: checking bus 1, device 2: "/sys/devices/pci0000:00/0000:00:06.0/usb1/1-1"
Sep  5 14:09:00 cu-cs-vm mtp-probe: bus: 1, device: 2 was not an MTP device
Sep  5 14:09:00 cu-cs-vm systemd-udevd[760]: Process '/lib/udev/hdparm' failed with exit code 5.
Sep  5 14:09:00 cu-cs-vm systemd[1]: Found device VBOX_HARDDISK 1.
Sep  5 14:09:00 cu-cs-vm systemd[1]: Starting File System Check on /dev/disk/by-uuid/7edb9fb6-5937-400b-b2d4-95dbf988ef57...
Sep  5 14:09:00 cu-cs-vm systemd[1]: Started File System Check on /dev/disk/by-uuid/7edb9fb6-5937-400b-b2d4-95dbf988ef57.
Sep  5 14:09:00 cu-cs-vm systemd[1]: Mounting /home...
Sep  5 14:09:00 cu-cs-vm systemd[1]: Started File System Check Daemon to report status.
Sep  5 14:09:00 cu-cs-vm systemd[1]: Mounted /home.
Sep  5 14:09:00 cu-cs-vm systemd[1]: Reached target Local File Systems.
Sep  5 14:09:00 cu-cs-vm systemd[1]: Starting LSB: AppArmor initialization...
Sep  5 14:09:00 cu-cs-vm systemd[1]: Starting Set console font and keymap...
Sep  5 14:09:00 cu-cs-vm systemd[1]: Starting Tell Plymouth To Write Out Runtime Data...
Sep  5 14:09:00 cu-cs-vm systemd[1]: Starting Create Volatile Files and Directories...
Sep  5 14:09:00 cu-cs-vm systemd-tmpfiles[1314]: [/usr/lib/tmpfiles.d/var.conf:14] Duplicate line for path "/var/log", ignoring.
Sep  5 14:09:00 cu-cs-vm systemd[1]: Starting Enable support for additional executable binary formats...
Sep  5 14:09:00 cu-cs-vm systemd[1]: Started Tell Plymouth To Write Out Runtime Data.
Sep  5 14:09:00 cu-cs-vm systemd[1]: Started Create Volatile Files and Directories.
Sep  5 14:09:00 cu-cs-vm systemd[1]: proc-sys-fs-binfmt_misc.automount: Got automount request for /proc/sys/fs/binfmt_misc, triggered by 1351 (update-binfmts)
Sep  5 14:09:00 cu-cs-vm apparmor[1289]:  * Starting AppArmor profiles
Sep  5 14:09:00 cu-cs-vm systemd[1]: Mounting Arbitrary Executable File Formats File System...
Sep  5 14:09:00 cu-cs-vm systemd[1]: Reached target System Time Synchronized.
Sep  5 14:09:00 cu-cs-vm systemd[1]: Starting Update UTMP about System Boot/Shutdown...
Sep  5 14:09:00 cu-cs-vm systemd[1]: Mounted Arbitrary Executable File Formats File System.
Sep  5 14:09:00 cu-cs-vm systemd[1]: Started Enable support for additional executable binary formats.
Sep  5 14:09:00 cu-cs-vm systemd[1]: Started Set console font and keymap.
Sep  5 14:09:00 cu-cs-vm systemd[1]: Started Update UTMP about System Boot/Shutdown.
Sep  5 14:09:00 cu-cs-vm systemd[1]: Created slice system-getty.slice.
Sep  5 14:09:00 cu-cs-vm apparmor[1289]: Skipping profile in /etc/apparmor.d/disable: usr.bin.firefox
Sep  5 14:09:00 cu-cs-vm apparmor[1289]: Skipping profile in /etc/apparmor.d/disable: usr.sbin.rsyslogd
Sep  5 14:09:00 cu-cs-vm apparmor[1289]:    ...done.
Sep  5 14:09:00 cu-cs-vm systemd[1]: Started LSB: AppArmor initialization.
Sep  5 14:09:00 cu-cs-vm systemd[1]: Starting Raise network interfaces...
Sep  5 14:09:00 cu-cs-vm systemd[1]: Reached target System Initialization.
Sep  5 14:09:00 cu-cs-vm systemd[1]: Listening on UUID daemon activation socket.
Sep  5 14:09:00 cu-cs-vm systemd[1]: Listening on ACPID Listen Socket.
Sep  5 14:09:00 cu-cs-vm systemd[1]: Started ACPI Events Check.
Sep  5 14:09:00 cu-cs-vm systemd[1]: Started CUPS Scheduler.
Sep  5 14:09:00 cu-cs-vm systemd[1]: Started Trigger resolvconf update for networkd DNS.
Sep  5 14:09:00 cu-cs-vm systemd[1]: Reached target Paths.
Sep  5 14:09:00 cu-cs-vm systemd[1]: Starting Socket activation for snappy daemon.
Sep  5 14:09:00 cu-cs-vm systemd[1]: apt-daily.timer: Adding 11h 9min 16.167188s random time.
Sep  5 14:09:00 cu-cs-vm systemd[1]: Started Daily apt activities.
Sep  5 14:09:00 cu-cs-vm systemd[1]: snapd.refresh.timer: Adding 17min 4.853750s random time.
Sep  5 14:09:00 cu-cs-vm systemd[1]: snapd.refresh.timer: Adding 5h 33min 49.841501s random time.
Sep  5 14:09:00 cu-cs-vm systemd[1]: Started Timer to automatically refresh installed snaps.
Sep  5 14:09:00 cu-cs-vm systemd[1]: Listening on Avahi mDNS/DNS-SD Stack Activation Socket.
Sep  5 14:09:00 cu-cs-vm systemd[1]: Started Daily Cleanup of Temporary Directories.
Sep  5 14:09:00 cu-cs-vm systemd[1]: Reached target Timers.
Sep  5 14:09:00 cu-cs-vm systemd[1]: Listening on D-Bus System Message Bus Socket.
Sep  5 14:09:00 cu-cs-vm systemd[1]: Listening on CUPS Scheduler.
Sep  5 14:09:00 cu-cs-vm systemd[1]: Listening on Socket activation for snappy daemon.
Sep  5 14:09:00 cu-cs-vm systemd[1]: Listening on Load/Save RF Kill Switch Status /dev/rfkill Watch.
Sep  5 14:09:00 cu-cs-vm systemd[1]: Reached target Sockets.
Sep  5 14:09:00 cu-cs-vm systemd[1]: Reached target Basic System.
Sep  5 14:09:00 cu-cs-vm systemd[1]: Starting Accounts Service...
Sep  5 14:09:00 cu-cs-vm systemd[1]: Starting Modem Manager...
Sep  5 14:09:00 cu-cs-vm systemd[1]: Started Regular background program processing daemon.
Sep  5 14:09:00 cu-cs-vm cron[1678]: (CRON) INFO (pidfile fd = 3)
Sep  5 14:09:00 cu-cs-vm systemd[1]: Starting LSB: Execute the kexec -e command to reboot system...
Sep  5 14:09:00 cu-cs-vm cron[1678]: (CRON) INFO (Running @reboot jobs)
Sep  5 14:09:00 cu-cs-vm systemd[1]: Starting Restore /etc/resolv.conf if the system crashed before the ppp link was shut down...
Sep  5 14:09:00 cu-cs-vm ModemManager[1672]: <info>  ModemManager (version 1.4.12) starting in system bus...
Sep  5 14:09:00 cu-cs-vm systemd[1]: Starting Initialize hardware monitoring sensors...
Sep  5 14:09:00 cu-cs-vm systemd[1]: Started crash report submission daemon.
Sep  5 14:09:00 cu-cs-vm systemd[1]: Starting Thermal Daemon Service...
Sep  5 14:09:00 cu-cs-vm sensors[1714]: No sensors found!
Sep  5 14:09:00 cu-cs-vm sensors[1714]: Make sure you loaded all the kernel drivers you need.
Sep  5 14:09:00 cu-cs-vm sensors[1714]: Try sensors-detect to find out which these are.
Sep  5 14:09:00 cu-cs-vm systemd[1]: Started CUPS Scheduler.
Sep  5 14:09:00 cu-cs-vm systemd[1]: Started ACPI event daemon.
Sep  5 14:09:00 cu-cs-vm systemd[1]: Starting Login Service...
Sep  5 14:09:00 cu-cs-vm systemd[1]: Starting System Logging Service...
Sep  5 14:09:00 cu-cs-vm systemd[1]: Starting Avahi mDNS/DNS-SD Stack...
Sep  5 14:09:00 cu-cs-vm systemd[1]: Started uptime record daemon.
Sep  5 14:09:00 cu-cs-vm systemd[1]: Started Run anacron jobs.
Sep  5 14:09:00 cu-cs-vm systemd[1]: Starting LSB: Speech Dispatcher...
Sep  5 14:09:00 cu-cs-vm systemd[1]: Starting Save/Restore Sound Card State...
Sep  5 14:09:00 cu-cs-vm anacron[1781]: Anacron 2.3 started on 2016-09-05
Sep  5 14:09:00 cu-cs-vm systemd[1]: Starting vboxadd-x11.service...
Sep  5 14:09:00 cu-cs-vm anacron[1781]: Will run job `cron.weekly' in 10 min.
Sep  5 14:09:00 cu-cs-vm anacron[1781]: Jobs will be executed sequentially
Sep  5 14:09:00 cu-cs-vm avahi-daemon[1769]: Found user 'avahi' (UID 111) and group 'avahi' (GID 120).
Sep  5 14:09:00 cu-cs-vm avahi-daemon[1769]: Successfully dropped root privileges.
Sep  5 14:09:00 cu-cs-vm avahi-daemon[1769]: avahi-daemon 0.6.32-rc starting up.
Sep  5 14:09:00 cu-cs-vm acpid: starting up with netlink and the input layer
Sep  5 14:09:00 cu-cs-vm acpid: 9 rules loaded
Sep  5 14:09:00 cu-cs-vm systemd[1]: Starting vboxadd.service...
Sep  5 14:09:00 cu-cs-vm acpid: waiting for events: event logging is off
Sep  5 14:09:00 cu-cs-vm systemd[1]: Starting Permit User Sessions...
Sep  5 14:09:00 cu-cs-vm systemd[1]: Starting LSB: Set the CPU Frequency Scaling governor to "ondemand"...
Sep  5 14:09:00 cu-cs-vm systemd[1]: Starting LSB: daemon to balance interrupts for SMP systems...
Sep  5 14:09:00 cu-cs-vm systemd[1]: Starting LSB: automatic crash report generation...
Sep  5 14:09:00 cu-cs-vm systemd[1]: Starting Detect the available GPUs and deal with any system changes...
Sep  5 14:09:00 cu-cs-vm systemd[1]: Starting LSB: Record successful boot for GRUB...
Sep  5 14:09:00 cu-cs-vm systemd[1]: Started D-Bus System Message Bus.
Sep  5 14:09:00 cu-cs-vm gpu-manager[1830]: /etc/modprobe.d is not a file
Sep  5 14:09:00 cu-cs-vm gpu-manager[1830]: message repeated 4 times: [ /etc/modprobe.d is not a file]
Sep  5 14:09:00 cu-cs-vm gpu-manager[1830]: Error: can't open /lib/modules/4.4.0-34-generic/updates/dkms
Sep  5 14:09:00 cu-cs-vm gpu-manager[1830]: Error: can't open /lib/modules/4.4.0-34-generic/updates/dkms
Sep  5 14:09:00 cu-cs-vm systemd-udevd[767]: Process '/usr/sbin/alsactl -E HOME=/run/alsa restore 0' failed with exit code 99.
Sep  5 14:09:00 cu-cs-vm dbus[1841]: [system] AppArmor D-Bus mediation is enabled
Sep  5 14:09:00 cu-cs-vm avahi-daemon[1769]: Successfully called chroot().
Sep  5 14:09:00 cu-cs-vm avahi-daemon[1769]: Successfully dropped remaining capabilities.
Sep  5 14:09:00 cu-cs-vm avahi-daemon[1769]: No service file found in /etc/avahi/services.
Sep  5 14:09:00 cu-cs-vm avahi-daemon[1769]: Network interface enumeration completed.
Sep  5 14:09:00 cu-cs-vm avahi-daemon[1769]: Server startup complete. Host name is cu-cs-vm.local. Local service cookie is 3651655071.
Sep  5 14:09:00 cu-cs-vm thermald[1736]: NO RAPL sysfs present
Sep  5 14:09:00 cu-cs-vm thermald[1736]: 13 CPUID levels; family:model:stepping 0x6:45:1 (6:69:1)
Sep  5 14:09:00 cu-cs-vm thermald[1736]: Polling mode is enabled: 4
Sep  5 14:09:00 cu-cs-vm thermald[1736]: Thermal DTS: No coretemp sysfs found
Sep  5 14:09:00 cu-cs-vm systemd[1]: Started Avahi mDNS/DNS-SD Stack.
Sep  5 14:09:00 cu-cs-vm systemd[1]: Started Thermal Daemon Service.
Sep  5 14:09:00 cu-cs-vm thermald[1736]: Thermal DTS or hwmon: No Zones present Need to configure manually
Sep  5 14:09:00 cu-cs-vm thermald[1736]: No thermal sensors found
Sep  5 14:09:00 cu-cs-vm thermald[1736]: THD engine start failed
Sep  5 14:09:00 cu-cs-vm gpu-manager[1830]: update-alternatives: error: no alternatives for x86_64-linux-gnu_gfxcore_conf
Sep  5 14:09:00 cu-cs-vm systemd[1]: Started Make remote CUPS printers available locally.
Sep  5 14:09:00 cu-cs-vm dbus[1841]: [system] Activating via systemd: service name='org.freedesktop.PolicyKit1' unit='polkitd.service'
Sep  5 14:09:00 cu-cs-vm systemd[1]: Starting Network Manager...
Sep  5 14:09:00 cu-cs-vm whoopsie[1735]: [14:09:00] Using lock path: /var/lock/whoopsie/lock
Sep  5 14:09:00 cu-cs-vm systemd[1]: Started Snappy daemon.
Sep  5 14:09:00 cu-cs-vm whoopsie[1735]: [14:09:00] Could not get the Network Manager state:
Sep  5 14:09:00 cu-cs-vm whoopsie[1735]: [14:09:00] GDBus.Error:org.freedesktop.DBus.Error.ServiceUnknown: The name org.freedesktop.NetworkManager was not provided by any .service files
Sep  5 14:09:00 cu-cs-vm systemd[1]: Started System Logging Service.
Sep  5 14:09:00 cu-cs-vm systemd[1]: Started Restore /etc/resolv.conf if the system crashed before the ppp link was shut down.
Sep  5 14:09:00 cu-cs-vm /usr/lib/snapd/snapd[1880]: daemon.go:212: DEBUG: adding /
Sep  5 14:09:00 cu-cs-vm /usr/lib/snapd/snapd[1880]: daemon.go:212: DEBUG: adding /v2/system-info
Sep  5 14:09:00 cu-cs-vm systemd[1]: Started Permit User Sessions.
Sep  5 14:09:00 cu-cs-vm /usr/lib/snapd/snapd[1880]: daemon.go:212: DEBUG: adding /v2/login
Sep  5 14:09:00 cu-cs-vm /usr/lib/snapd/snapd[1880]: daemon.go:212: DEBUG: adding /v2/logout
Sep  5 14:09:00 cu-cs-vm /usr/lib/snapd/snapd[1880]: daemon.go:212: DEBUG: adding /v2/icons/{name}/icon
Sep  5 14:09:00 cu-cs-vm /usr/lib/snapd/snapd[1880]: daemon.go:212: DEBUG: adding /v2/find
Sep  5 14:09:00 cu-cs-vm /usr/lib/snapd/snapd[1880]: daemon.go:212: DEBUG: adding /v2/snaps
Sep  5 14:09:00 cu-cs-vm /usr/lib/snapd/snapd[1880]: daemon.go:212: DEBUG: adding /v2/snaps/{name}
Sep  5 14:09:00 cu-cs-vm /usr/lib/snapd/snapd[1880]: daemon.go:212: DEBUG: adding /v2/interfaces
Sep  5 14:09:00 cu-cs-vm /usr/lib/snapd/snapd[1880]: daemon.go:212: DEBUG: adding /v2/assertions
Sep  5 14:09:00 cu-cs-vm /usr/lib/snapd/snapd[1880]: daemon.go:212: DEBUG: adding /v2/assertions/{assertType}
Sep  5 14:09:00 cu-cs-vm /usr/lib/snapd/snapd[1880]: daemon.go:212: DEBUG: adding /v2/events
Sep  5 14:09:00 cu-cs-vm /usr/lib/snapd/snapd[1880]: daemon.go:212: DEBUG: adding /v2/changes/{id}
Sep  5 14:09:00 cu-cs-vm /usr/lib/snapd/snapd[1880]: daemon.go:212: DEBUG: adding /v2/changes
Sep  5 14:09:00 cu-cs-vm /usr/lib/snapd/snapd[1880]: daemon.go:212: DEBUG: adding /v2/create-user
Sep  5 14:09:00 cu-cs-vm /usr/lib/snapd/snapd[1880]: daemon.go:212: DEBUG: adding /v2/buy
Sep  5 14:09:00 cu-cs-vm sensors[1885]: No sensors found!
Sep  5 14:09:00 cu-cs-vm sensors[1885]: Make sure you loaded all the kernel drivers you need.
Sep  5 14:09:00 cu-cs-vm sensors[1885]: Try sensors-detect to find out which these are.
Sep  5 14:09:00 cu-cs-vm /usr/lib/snapd/snapd[1880]: daemon.go:212: DEBUG: adding /v2/buy/methods
Sep  5 14:09:00 cu-cs-vm /usr/lib/snapd/snapd[1880]: daemon.go:202: DEBUG: init done in 4.624727ms
Sep  5 14:09:00 cu-cs-vm alsactl[1892]: /usr/sbin/alsactl: load_state:1683: Cannot open /var/lib/alsa/asound.state for reading: No such file or directory
Sep  5 14:09:00 cu-cs-vm systemd[1]: Started Detect the available GPUs and deal with any system changes.
Sep  5 14:09:00 cu-cs-vm alsactl[1892]: Found hardware: "ICH" "Analog Devices AD1980" "AC97a:41445370" "0x1028" "0x0177"
Sep  5 14:09:00 cu-cs-vm alsactl[1892]: Hardware is initialized using a generic method
Sep  5 14:09:00 cu-cs-vm systemd[1]: Started Initialize hardware monitoring sensors.
Sep  5 14:09:00 cu-cs-vm systemd[1]: Started Save/Restore Sound Card State.
Sep  5 14:09:00 cu-cs-vm systemd[1]: Started vboxadd-x11.service.
Sep  5 14:09:00 cu-cs-vm NetworkManager[1875]: <info>  [1473106140.6119] NetworkManager (version 1.2.0) is starting...
Sep  5 14:09:00 cu-cs-vm NetworkManager[1875]: <info>  [1473106140.6140] Read config: /etc/NetworkManager/NetworkManager.conf (etc: default-wifi-powersave-on.conf)
Sep  5 14:09:00 cu-cs-vm NetworkManager[1875]: <info>  [1473106140.6236] manager[0x28481a0]: monitoring kernel firmware directory '/lib/firmware'.
Sep  5 14:09:00 cu-cs-vm NetworkManager[1875]: <info>  [1473106140.6237] monitoring ifupdown state file '/run/network/ifstate'.
Sep  5 14:09:00 cu-cs-vm NetworkManager[1875]: <info>  [1473106140.6275] dns-mgr[0x285e8a0]: set resolv-conf-mode: dnsmasq, plugin="dnsmasq"
Sep  5 14:09:00 cu-cs-vm NetworkManager[1875]: <info>  [1473106140.6282] dns-mgr[0x285e8a0]: using resolv.conf manager 'resolvconf'
Sep  5 14:09:00 cu-cs-vm systemd[1]: Started LSB: Execute the kexec -e command to reboot system.
Sep  5 14:09:00 cu-cs-vm dbus[1841]: [system] Activating via systemd: service name='org.freedesktop.nm_dispatcher' unit='dbus-org.freedesktop.nm-dispatcher.service'
Sep  5 14:09:00 cu-cs-vm vboxadd[1803]: vboxadd.sh: Starting the VirtualBox Guest Additions.
Sep  5 14:09:00 cu-cs-vm vboxadd.sh: Starting the VirtualBox Guest Additions.
Sep  5 14:09:00 cu-cs-vm speech-dispatcher[1787]:  * speech-dispatcher disabled; edit /etc/default/speech-dispatcher
Sep  5 14:09:00 cu-cs-vm systemd[1]: Started LSB: Speech Dispatcher.
Sep  5 14:09:00 cu-cs-vm systemd[1]: Started LSB: Set the CPU Frequency Scaling governor to "ondemand".
Sep  5 14:09:00 cu-cs-vm irqbalance[1819]:  * Starting SMP IRQ Balancer: irqbalance
Sep  5 14:09:00 cu-cs-vm apport[1826]:  * Starting automatic crash report generation: apport
Sep  5 14:09:00 cu-cs-vm kernel: [    8.459132] vboxsf: Successfully loaded version 5.0.18_Ubuntu (interface 0x00010004)
Sep  5 14:09:00 cu-cs-vm apport[1826]:    ...done.
Sep  5 14:09:00 cu-cs-vm systemd[1]: Started LSB: automatic crash report generation.
Sep  5 14:09:00 cu-cs-vm irqbalance[1819]:    ...done.
Sep  5 14:09:00 cu-cs-vm systemd[1]: Started LSB: daemon to balance interrupts for SMP systems.
Sep  5 14:09:00 cu-cs-vm systemd[1]: Started LSB: Record successful boot for GRUB.
Sep  5 14:09:00 cu-cs-vm systemd[1]: Started Raise network interfaces.
Sep  5 14:09:00 cu-cs-vm systemd[1]: Started Network Manager.
Sep  5 14:09:00 cu-cs-vm systemd[1]: Started Login Service.
Sep  5 14:09:00 cu-cs-vm systemd[1]: Starting Network Manager Script Dispatcher Service...
Sep  5 14:09:00 cu-cs-vm systemd[1]: Starting Network Manager Wait Online...
Sep  5 14:09:00 cu-cs-vm systemd[1]: Reached target Network.
Sep  5 14:09:00 cu-cs-vm systemd[1]: Starting OpenBSD Secure Shell server...
Sep  5 14:09:00 cu-cs-vm vboxadd-x11.sh: Installing the Window System drivers.
Sep  5 14:09:00 cu-cs-vm systemd[1]: Starting Authenticate and Authorize Users to Run Privileged Tasks...
Sep  5 14:09:00 cu-cs-vm systemd[1]: Starting LSB: Load kernel image with kexec...
Sep  5 14:09:00 cu-cs-vm dbus[1841]: [system] Successfully activated service 'org.freedesktop.nm_dispatcher'
Sep  5 14:09:00 cu-cs-vm systemd[1]: Reached target Sound Card.
Sep  5 14:09:00 cu-cs-vm NetworkManager[1875]: <info>  [1473106140.9743] init!
Sep  5 14:09:00 cu-cs-vm NetworkManager[1875]: <info>  [1473106140.9745] management mode: unmanaged
Sep  5 14:09:00 cu-cs-vm NetworkManager[1875]: <info>  [1473106140.9749] devices added (path: /sys/devices/pci0000:00/0000:00:03.0/net/enp0s3, iface: enp0s3)
Sep  5 14:09:00 cu-cs-vm NetworkManager[1875]: <info>  [1473106140.9749] device added (path: /sys/devices/pci0000:00/0000:00:03.0/net/enp0s3, iface: enp0s3): no ifupdown configuration found.
Sep  5 14:09:00 cu-cs-vm NetworkManager[1875]: <info>  [1473106140.9749] devices added (path: /sys/devices/virtual/net/lo, iface: lo)
Sep  5 14:09:00 cu-cs-vm NetworkManager[1875]: <info>  [1473106140.9749] device added (path: /sys/devices/virtual/net/lo, iface: lo): no ifupdown configuration found.
Sep  5 14:09:00 cu-cs-vm NetworkManager[1875]: <info>  [1473106140.9749] end _init.
Sep  5 14:09:00 cu-cs-vm NetworkManager[1875]: <info>  [1473106140.9749] settings: loaded plugin ifupdown: (C) 2008 Canonical Ltd.  To report bugs please use the NetworkManager mailing list. (/usr/lib/x86_64-linux-gnu/NetworkManager/libnm-settings-plugin-ifupdown.so)
Sep  5 14:09:00 cu-cs-vm NetworkManager[1875]: <info>  [1473106140.9750] settings: loaded plugin keyfile: (c) 2007 - 2015 Red Hat, Inc.  To report bugs please use the NetworkManager mailing list.
Sep  5 14:09:00 cu-cs-vm NetworkManager[1875]: <info>  [1473106140.9801] SettingsPlugin-Ofono: init!
Sep  5 14:09:01 cu-cs-vm dbus[1841]: [system] Activating via systemd: service name='org.freedesktop.hostname1' unit='dbus-org.freedesktop.hostname1.service'
Sep  5 14:09:01 cu-cs-vm NetworkManager[1875]: <warn>  [1473106140.9802] SettingsPlugin-Ofono: file doesn't exist: /var/lib/ofono
Sep  5 14:09:01 cu-cs-vm vboxadd-x11.sh: Installing X.Org Server 1.18 modules.
Sep  5 14:09:01 cu-cs-vm NetworkManager[1875]: <info>  [1473106140.9802] SettingsPlugin-Ofono: end _init.
Sep  5 14:09:01 cu-cs-vm NetworkManager[1875]: <info>  [1473106140.9802] settings: loaded plugin ofono: (C) 2013-2016 Canonical Ltd.  To report bugs please use the NetworkManager mailing list. (/usr/lib/x86_64-linux-gnu/NetworkManager/libnm-settings-plugin-ofono.so)
Sep  5 14:09:01 cu-cs-vm NetworkManager[1875]: <info>  [1473106140.9802] (42328272) ... get_connections.
Sep  5 14:09:01 cu-cs-vm NetworkManager[1875]: <info>  [1473106140.9802] (42328272) ... get_connections (managed=false): return empty list.
Sep  5 14:09:01 cu-cs-vm NetworkManager[1875]: <info>  [1473106140.9803] SettingsPlugin-Ofono: (42328432) ... get_connections.
Sep  5 14:09:01 cu-cs-vm NetworkManager[1875]: <info>  [1473106140.9805] SettingsPlugin-Ofono: (42328432) connections count: 0
Sep  5 14:09:01 cu-cs-vm NetworkManager[1875]: <info>  [1473106140.9805] get unmanaged devices count: 0
Sep  5 14:09:01 cu-cs-vm systemd[1]: Starting Light Display Manager...
Sep  5 14:09:01 cu-cs-vm polkitd[2025]: started daemon version 0.105 using authority implementation `local' version `0.105'
Sep  5 14:09:01 cu-cs-vm dbus[1841]: [system] Successfully activated service 'org.freedesktop.PolicyKit1'
Sep  5 14:09:01 cu-cs-vm systemd[1]: Started Network Manager Script Dispatcher Service.
Sep  5 14:09:01 cu-cs-vm accounts-daemon[1656]: started daemon version 0.6.40
Sep  5 14:09:01 cu-cs-vm systemd[1]: Started OpenBSD Secure Shell server.
Sep  5 14:09:01 cu-cs-vm vboxadd-x11.sh: X.Org Server 1.18 modules installed.
Sep  5 14:09:01 cu-cs-vm vboxadd-x11.sh: Setting up the Window System to use the Guest Additions.
Sep  5 14:09:01 cu-cs-vm systemd[1]: Started LSB: Load kernel image with kexec.
Sep  5 14:09:01 cu-cs-vm vboxadd-x11.sh: Window System set up to use the Guest Additions.
Sep  5 14:09:01 cu-cs-vm vboxadd[1803]: You may need to restart the the Window System (or just restart the guest system)
Sep  5 14:09:01 cu-cs-vm vboxadd[1803]: to enable the Guest Additions.
Sep  5 14:09:01 cu-cs-vm vboxadd-x11.sh: Installing graphics libraries and desktop services components.
Sep  5 14:09:01 cu-cs-vm systemd[1]: Started Authenticate and Authorize Users to Run Privileged Tasks.
Sep  5 14:09:01 cu-cs-vm systemd[1]: Started Accounts Service.
Sep  5 14:09:01 cu-cs-vm systemd[1]: Started Modem Manager.
Sep  5 14:09:01 cu-cs-vm systemd[1]: Starting Hostname Service...
Sep  5 14:09:01 cu-cs-vm vboxadd-x11.sh: Window system drivers installed.
Sep  5 14:09:01 cu-cs-vm dbus[1841]: [system] Successfully activated service 'org.freedesktop.hostname1'
Sep  5 14:09:01 cu-cs-vm systemd[1]: Started Hostname Service.
Sep  5 14:09:01 cu-cs-vm NetworkManager[1875]: <info>  [1473106141.1918] settings: hostname: using hostnamed
Sep  5 14:09:01 cu-cs-vm NetworkManager[1875]: <info>  [1473106141.1918] settings: hostname changed from (none) to "cu-cs-vm"
Sep  5 14:09:01 cu-cs-vm NetworkManager[1875]: <info>  [1473106141.1921] Using DHCP client 'dhclient'
Sep  5 14:09:01 cu-cs-vm NetworkManager[1875]: <info>  [1473106141.1921] manager: WiFi enabled by radio killswitch; enabled by state file
Sep  5 14:09:01 cu-cs-vm NetworkManager[1875]: <info>  [1473106141.1921] manager: WWAN enabled by radio killswitch; enabled by state file
Sep  5 14:09:01 cu-cs-vm NetworkManager[1875]: <info>  [1473106141.1922] manager: Networking is enabled by state file
Sep  5 14:09:01 cu-cs-vm NetworkManager[1875]: <info>  [1473106141.1923] Loaded device plugin: NMVxlanFactory (internal)
Sep  5 14:09:01 cu-cs-vm NetworkManager[1875]: <info>  [1473106141.1923] Loaded device plugin: NMVlanFactory (internal)
Sep  5 14:09:01 cu-cs-vm NetworkManager[1875]: <info>  [1473106141.1923] Loaded device plugin: NMVethFactory (internal)
Sep  5 14:09:01 cu-cs-vm NetworkManager[1875]: <info>  [1473106141.1923] Loaded device plugin: NMTunFactory (internal)
Sep  5 14:09:01 cu-cs-vm NetworkManager[1875]: <info>  [1473106141.1923] Loaded device plugin: NMMacvlanFactory (internal)
Sep  5 14:09:01 cu-cs-vm NetworkManager[1875]: <info>  [1473106141.1923] Loaded device plugin: NMIPTunnelFactory (internal)
Sep  5 14:09:01 cu-cs-vm NetworkManager[1875]: <info>  [1473106141.1923] Loaded device plugin: NMInfinibandFactory (internal)
Sep  5 14:09:01 cu-cs-vm nm-dispatcher: req:1 'hostname': new request (1 scripts)
Sep  5 14:09:01 cu-cs-vm NetworkManager[1875]: <info>  [1473106141.1924] Loaded device plugin: NMEthernetFactory (internal)
Sep  5 14:09:01 cu-cs-vm nm-dispatcher: req:1 'hostname': start running ordered scripts...
Sep  5 14:09:01 cu-cs-vm NetworkManager[1875]: <info>  [1473106141.1924] Loaded device plugin: NMBridgeFactory (internal)
Sep  5 14:09:01 cu-cs-vm NetworkManager[1875]: <info>  [1473106141.1924] Loaded device plugin: NMBondFactory (internal)
Sep  5 14:09:01 cu-cs-vm NetworkManager[1875]: <info>  [1473106141.2055] Loaded device plugin: NMAtmManager (/usr/lib/x86_64-linux-gnu/NetworkManager/libnm-device-plugin-adsl.so)
Sep  5 14:09:01 cu-cs-vm systemd[1]: Started Light Display Manager.
Sep  5 14:09:01 cu-cs-vm NetworkManager[1875]: <info>  [1473106141.2372] Loaded device plugin: NMBluezManager (/usr/lib/x86_64-linux-gnu/NetworkManager/libnm-device-plugin-bluetooth.so)
Sep  5 14:09:01 cu-cs-vm NetworkManager[1875]: <info>  [1473106141.2432] Loaded device plugin: NMWifiFactory (/usr/lib/x86_64-linux-gnu/NetworkManager/libnm-device-plugin-wifi.so)
Sep  5 14:09:01 cu-cs-vm NetworkManager[1875]: <info>  [1473106141.2506] Loaded device plugin: NMWwanFactory (/usr/lib/x86_64-linux-gnu/NetworkManager/libnm-device-plugin-wwan.so)
Sep  5 14:09:01 cu-cs-vm NetworkManager[1875]: <info>  [1473106141.2527] manager: (enp0s3): new Ethernet device (/org/freedesktop/NetworkManager/Devices/0)
Sep  5 14:09:01 cu-cs-vm NetworkManager[1875]: <info>  [1473106141.2541] keyfile: add connection in-memory (e5ddf0ae-ce6e-495d-b0a9-768daed433f6,"Wired connection 1")
Sep  5 14:09:01 cu-cs-vm NetworkManager[1875]: <info>  [1473106141.2571] settings: (enp0s3): created default wired connection 'Wired connection 1'
Sep  5 14:09:01 cu-cs-vm NetworkManager[1875]: <info>  [1473106141.2606] device (enp0s3): state change: unmanaged -> unavailable (reason 'managed') [10 20 2]
Sep  5 14:09:01 cu-cs-vm kernel: [    8.960376] IPv6: ADDRCONF(NETDEV_UP): enp0s3: link is not ready
Sep  5 14:09:01 cu-cs-vm kernel: [    8.964473] IPv6: ADDRCONF(NETDEV_UP): enp0s3: link is not ready
Sep  5 14:09:01 cu-cs-vm kernel: [    8.965798] e1000: enp0s3 NIC Link is Up 1000 Mbps Full Duplex, Flow Control: RX
Sep  5 14:09:01 cu-cs-vm kernel: [    8.968057] IPv6: ADDRCONF(NETDEV_CHANGE): enp0s3: link becomes ready
Sep  5 14:09:01 cu-cs-vm NetworkManager[1875]: <info>  [1473106141.2690] device (enp0s3): link connected
Sep  5 14:09:01 cu-cs-vm NetworkManager[1875]: nm_device_get_device_type: assertion 'NM_IS_DEVICE (self)' failed
Sep  5 14:09:01 cu-cs-vm NetworkManager[1875]: <info>  [1473106141.2747] device (lo): link connected
Sep  5 14:09:01 cu-cs-vm NetworkManager[1875]: <info>  [1473106141.2757] manager: (lo): new Generic device (/org/freedesktop/NetworkManager/Devices/1)
Sep  5 14:09:01 cu-cs-vm NetworkManager[1875]: <info>  [1473106141.2973] urfkill disappeared from the bus
Sep  5 14:09:01 cu-cs-vm NetworkManager[1875]: <info>  [1473106141.2979] device (enp0s3): state change: unavailable -> disconnected (reason 'none') [20 30 0]
Sep  5 14:09:01 cu-cs-vm NetworkManager[1875]: <info>  [1473106141.3019] policy: auto-activating connection 'Wired connection 1'
Sep  5 14:09:01 cu-cs-vm NetworkManager[1875]: <info>  [1473106141.3048] device (enp0s3): Activation: starting connection 'Wired connection 1' (e5ddf0ae-ce6e-495d-b0a9-768daed433f6)
Sep  5 14:09:01 cu-cs-vm NetworkManager[1875]: <info>  [1473106141.3052] device (enp0s3): state change: disconnected -> prepare (reason 'none') [30 40 0]
Sep  5 14:09:01 cu-cs-vm NetworkManager[1875]: <info>  [1473106141.3053] manager: NetworkManager state is now CONNECTING
Sep  5 14:09:01 cu-cs-vm NetworkManager[1875]: <info>  [1473106141.3057] device (enp0s3): state change: prepare -> config (reason 'none') [40 50 0]
Sep  5 14:09:01 cu-cs-vm whoopsie[1735]: [14:09:01] offline
Sep  5 14:09:01 cu-cs-vm NetworkManager[1875]: <info>  [1473106141.3122] ofono is now available
Sep  5 14:09:01 cu-cs-vm NetworkManager[1875]: <info>  [1473106141.3129] device (enp0s3): state change: config -> ip-config (reason 'none') [50 70 0]
Sep  5 14:09:01 cu-cs-vm NetworkManager[1875]: <info>  [1473106141.3172] dhcp4 (enp0s3): activation: beginning transaction (timeout in 45 seconds)
Sep  5 14:09:01 cu-cs-vm NetworkManager[1875]: <info>  [1473106141.3263] dhcp4 (enp0s3): dhclient started with pid 2088
Sep  5 14:09:01 cu-cs-vm NetworkManager[1875]: <info>  [1473106141.3414] ModemManager available in the bus
Sep  5 14:09:01 cu-cs-vm NetworkManager[1875]: <warn>  [1473106141.3417] failed to enumerate oFono devices: GDBus.Error:org.freedesktop.DBus.Error.ServiceUnknown: The name org.ofono was not provided by any .service files
Sep  5 14:09:01 cu-cs-vm dhclient[2088]: DHCPDISCOVER on enp0s3 to 255.255.255.255 port 67 interval 3 (xid=0xadfb0e1c)
Sep  5 14:09:01 cu-cs-vm dhclient[2088]: DHCPREQUEST of 10.0.2.15 on enp0s3 to 255.255.255.255 port 67 (xid=0x1c0efbad)
Sep  5 14:09:01 cu-cs-vm dhclient[2088]: DHCPOFFER of 10.0.2.15 from 10.0.2.2
Sep  5 14:09:01 cu-cs-vm dhclient[2088]: DHCPACK of 10.0.2.15 from 10.0.2.2
Sep  5 14:09:01 cu-cs-vm NetworkManager[1875]: <info>  [1473106141.4203]   address 10.0.2.15
Sep  5 14:09:01 cu-cs-vm NetworkManager[1875]: <info>  [1473106141.4211]   plen 24 (255.255.255.0)
Sep  5 14:09:01 cu-cs-vm NetworkManager[1875]: <info>  [1473106141.4215]   gateway 10.0.2.2
Sep  5 14:09:01 cu-cs-vm NetworkManager[1875]: <info>  [1473106141.4217]   server identifier 10.0.2.2
Sep  5 14:09:01 cu-cs-vm NetworkManager[1875]: <info>  [1473106141.4219]   lease time 86400
Sep  5 14:09:01 cu-cs-vm NetworkManager[1875]: <info>  [1473106141.4222]   nameserver '192.168.0.1'
Sep  5 14:09:01 cu-cs-vm NetworkManager[1875]: <info>  [1473106141.4224]   nameserver '205.171.2.25'
Sep  5 14:09:01 cu-cs-vm NetworkManager[1875]: <info>  [1473106141.4226]   domain name 'Home'
Sep  5 14:09:01 cu-cs-vm NetworkManager[1875]: <info>  [1473106141.4228] dhcp4 (enp0s3): state changed unknown -> bound
Sep  5 14:09:01 cu-cs-vm avahi-daemon[1769]: Joining mDNS multicast group on interface enp0s3.IPv4 with address 10.0.2.15.
Sep  5 14:09:01 cu-cs-vm avahi-daemon[1769]: New relevant interface enp0s3.IPv4 for mDNS.
Sep  5 14:09:01 cu-cs-vm avahi-daemon[1769]: Registering new address record for 10.0.2.15 on enp0s3.IPv4.
Sep  5 14:09:01 cu-cs-vm NetworkManager[1875]: <info>  [1473106141.4298] device (enp0s3): state change: ip-config -> ip-check (reason 'none') [70 80 0]
Sep  5 14:09:01 cu-cs-vm NetworkManager[1875]: <info>  [1473106141.4363] device (enp0s3): state change: ip-check -> secondaries (reason 'none') [80 90 0]
Sep  5 14:09:01 cu-cs-vm NetworkManager[1875]: <info>  [1473106141.4395] device (enp0s3): state change: secondaries -> activated (reason 'none') [90 100 0]
Sep  5 14:09:01 cu-cs-vm NetworkManager[1875]: <info>  [1473106141.4396] manager: NetworkManager state is now CONNECTED_LOCAL
Sep  5 14:09:01 cu-cs-vm NetworkManager[1875]: <info>  [1473106141.4425] manager: NetworkManager state is now CONNECTED_GLOBAL
Sep  5 14:09:01 cu-cs-vm dhclient[2088]: bound to 10.0.2.15 -- renewal in 35573 seconds.
Sep  5 14:09:01 cu-cs-vm NetworkManager[1875]: <info>  [1473106141.4449] policy: set 'Wired connection 1' (enp0s3) as default for IPv4 routing and DNS
Sep  5 14:09:01 cu-cs-vm NetworkManager[1875]: <info>  [1473106141.4496] DNS: starting dnsmasq...
Sep  5 14:09:01 cu-cs-vm NetworkManager[1875]: <warn>  [1473106141.4709] dnsmasq[0x2830500]: dnsmasq not found on the bus. The nameserver update will be sent when dnsmasq appears
Sep  5 14:09:01 cu-cs-vm NetworkManager[1875]: <info>  [1473106141.4712] dns-mgr: Writing DNS information to /sbin/resolvconf
Sep  5 14:09:01 cu-cs-vm dnsmasq[2103]: started, version 2.75 cache disabled
Sep  5 14:09:01 cu-cs-vm dnsmasq[2103]: compile time options: IPv6 GNU-getopt DBus i18n IDN DHCP DHCPv6 no-Lua TFTP conntrack ipset auth DNSSEC loop-detect inotify
Sep  5 14:09:01 cu-cs-vm dnsmasq[2103]: DBus support enabled: connected to system bus
Sep  5 14:09:01 cu-cs-vm dnsmasq[2103]: warning: no upstream servers configured
Sep  5 14:09:01 cu-cs-vm whoopsie[1735]: [14:09:01] Cannot reach: https://daisy.ubuntu.com
Sep  5 14:09:01 cu-cs-vm NetworkManager[1875]: <info>  [1473106141.7093] device (enp0s3): Activation: successful, device activated.
Sep  5 14:09:01 cu-cs-vm nm-dispatcher: req:2 'up' [enp0s3]: new request (1 scripts)
Sep  5 14:09:01 cu-cs-vm nm-dispatcher: req:2 'up' [enp0s3]: start running ordered scripts...
Sep  5 14:09:01 cu-cs-vm NetworkManager[1875]: <info>  [1473106141.7173] dnsmasq[0x2830500]: dnsmasq appeared as :1.20
Sep  5 14:09:01 cu-cs-vm NetworkManager[1875]: <info>  [1473106141.7174] dns-mgr: Writing DNS information to /sbin/resolvconf
Sep  5 14:09:01 cu-cs-vm dnsmasq[2103]: setting upstream servers from DBus
Sep  5 14:09:01 cu-cs-vm dnsmasq[2103]: using nameserver 192.168.0.1#53
Sep  5 14:09:01 cu-cs-vm dnsmasq[2103]: using nameserver 205.171.2.25#53
Sep  5 14:09:01 cu-cs-vm whoopsie[1735]: [14:09:01] The default IPv4 route is: /org/freedesktop/NetworkManager/ActiveConnection/0
Sep  5 14:09:01 cu-cs-vm whoopsie[1735]: [14:09:01] Not a paid data plan: /org/freedesktop/NetworkManager/ActiveConnection/0
Sep  5 14:09:01 cu-cs-vm whoopsie[1735]: [14:09:01] Found usable connection: /org/freedesktop/NetworkManager/ActiveConnection/0
Sep  5 14:09:01 cu-cs-vm kernel: [    9.464172] floppy0: no floppy controllers found
Sep  5 14:09:01 cu-cs-vm kernel: [    9.464231] work still pending
Sep  5 14:09:01 cu-cs-vm whoopsie[1735]: [14:09:01] online
Sep  5 14:09:01 cu-cs-vm systemd[1]: Created slice User Slice of user.
Sep  5 14:09:01 cu-cs-vm systemd[1]: Starting User Manager for UID 1000...
Sep  5 14:09:01 cu-cs-vm systemd[1]: Started Session c1 of user user.
Sep  5 14:09:01 cu-cs-vm systemd[2231]: Reached target Timers.
Sep  5 14:09:01 cu-cs-vm systemd[2231]: Reached target Paths.
Sep  5 14:09:01 cu-cs-vm systemd[2231]: Reached target Sockets.
Sep  5 14:09:01 cu-cs-vm systemd[2231]: Reached target Basic System.
Sep  5 14:09:01 cu-cs-vm systemd[2231]: Reached target Default.
Sep  5 14:09:01 cu-cs-vm systemd[2231]: Startup finished in 25ms.
Sep  5 14:09:01 cu-cs-vm systemd[1]: Started User Manager for UID 1000.
Sep  5 14:09:02 cu-cs-vm vboxadd.sh: .
Sep  5 14:09:02 cu-cs-vm systemd[1]: Reloading OpenBSD Secure Shell server.
Sep  5 14:09:02 cu-cs-vm systemd[1]: Started vboxadd.service.
Sep  5 14:09:02 cu-cs-vm systemd[1]: Reloaded OpenBSD Secure Shell server.
Sep  5 14:09:02 cu-cs-vm systemd[1]: Starting vboxadd-service.service...
Sep  5 14:09:02 cu-cs-vm vboxadd-service[2255]: vboxadd-service.sh: Starting VirtualBox Guest Addition service.
Sep  5 14:09:02 cu-cs-vm vboxadd-service.sh: Starting VirtualBox Guest Addition service.
Sep  5 14:09:02 cu-cs-vm kernel: [    9.748532] VBoxService 5.1.2 r108956 (verbosity: 0) linux.amd64 (Jul 21 2016 17:47:02) release log
Sep  5 14:09:02 cu-cs-vm kernel: [    9.748532] 00:00:00.000077 main     Log opened 2016-09-05T20:09:02.049072000Z
Sep  5 14:09:02 cu-cs-vm kernel: [    9.748569] 00:00:00.000142 main     OS Product: Linux
Sep  5 14:09:02 cu-cs-vm kernel: [    9.748589] 00:00:00.000166 main     OS Release: 4.4.0-34-generic
Sep  5 14:09:02 cu-cs-vm kernel: [    9.748607] 00:00:00.000185 main     OS Version: #53-Ubuntu SMP Wed Jul 27 16:06:39 UTC 2016
Sep  5 14:09:02 cu-cs-vm kernel: [    9.748630] 00:00:00.000203 main     Executable: /opt/VBoxGuestAdditions-5.1.2/sbin/VBoxService
Sep  5 14:09:02 cu-cs-vm kernel: [    9.748630] 00:00:00.000204 main     Process ID: 2270
Sep  5 14:09:02 cu-cs-vm kernel: [    9.748630] 00:00:00.000204 main     Package type: LINUX_64BITS_GENERIC
Sep  5 14:09:02 cu-cs-vm kernel: [    9.749996] 00:00:00.001559 main     5.1.2 r108956 started. Verbose level = 0
Sep  5 14:09:02 cu-cs-vm vboxadd-service.sh: VirtualBox Guest Addition service started.
Sep  5 14:09:02 cu-cs-vm systemd[1]: Started vboxadd-service.service.
Sep  5 14:09:02 cu-cs-vm systemd[1]: Reloading OpenBSD Secure Shell server.
Sep  5 14:09:02 cu-cs-vm systemd[1]: Reloaded OpenBSD Secure Shell server.
Sep  5 14:09:02 cu-cs-vm avahi-daemon[1769]: Joining mDNS multicast group on interface enp0s3.IPv6 with address fe80::e6cc:ff7:b944:ae20.
Sep  5 14:09:02 cu-cs-vm avahi-daemon[1769]: New relevant interface enp0s3.IPv6 for mDNS.
Sep  5 14:09:02 cu-cs-vm avahi-daemon[1769]: Registering new address record for fe80::e6cc:ff7:b944:ae20 on enp0s3.*.
Sep  5 14:09:02 cu-cs-vm org.a11y.Bus[2488]: ** (process:2559): WARNING **: Failed to register client: GDBus.Error:org.freedesktop.DBus.Error.ServiceUnknown: The name org.gnome.SessionManager was not provided by any .service files
Sep  5 14:09:02 cu-cs-vm org.a11y.Bus[2488]: Activating service name='org.a11y.atspi.Registry'
Sep  5 14:09:02 cu-cs-vm org.a11y.Bus[2488]: Successfully activated service 'org.a11y.atspi.Registry'
Sep  5 14:09:02 cu-cs-vm org.a11y.atspi.Registry[2571]: SpiRegistry daemon is running with well-known name - org.a11y.atspi.Registry
Sep  5 14:09:03 cu-cs-vm ModemManager[1672]: <info>  Couldn't find support for device at '/sys/devices/pci0000:00/0000:00:03.0': not supported by any plugin
Sep  5 14:09:03 cu-cs-vm dbus[1841]: [system] Activating via systemd: service name='org.freedesktop.UPower' unit='upower.service'
Sep  5 14:09:03 cu-cs-vm systemd[1]: Starting Daemon for power management...
Sep  5 14:09:03 cu-cs-vm dbus[1841]: [system] Successfully activated service 'org.freedesktop.UPower'
Sep  5 14:09:03 cu-cs-vm systemd[1]: Started Daemon for power management.
Sep  5 14:09:04 cu-cs-vm dbus[1841]: [system] Activating via systemd: service name='org.freedesktop.RealtimeKit1' unit='rtkit-daemon.service'
Sep  5 14:09:04 cu-cs-vm systemd[1]: Starting RealtimeKit Scheduling Policy Service...
Sep  5 14:09:04 cu-cs-vm dbus[1841]: [system] Successfully activated service 'org.freedesktop.RealtimeKit1'
Sep  5 14:09:04 cu-cs-vm systemd[1]: Started RealtimeKit Scheduling Policy Service.
Sep  5 14:09:04 cu-cs-vm rtkit-daemon[2714]: Successfully called chroot.
Sep  5 14:09:04 cu-cs-vm rtkit-daemon[2714]: Successfully dropped privileges.
Sep  5 14:09:04 cu-cs-vm rtkit-daemon[2714]: Successfully limited resources.
Sep  5 14:09:04 cu-cs-vm rtkit-daemon[2714]: Running.
Sep  5 14:09:04 cu-cs-vm rtkit-daemon[2714]: Watchdog thread running.
Sep  5 14:09:04 cu-cs-vm rtkit-daemon[2714]: Canary thread running.
Sep  5 14:09:04 cu-cs-vm rtkit-daemon[2714]: Successfully made thread 2713 of process 2713 (n/a) owned by '1000' high priority at nice level -11.
Sep  5 14:09:04 cu-cs-vm rtkit-daemon[2714]: Supervising 1 threads of 1 processes of 1 users.
Sep  5 14:09:04 cu-cs-vm pulseaudio[2713]: [pulseaudio] alsa-util.c: Disabling timer-based scheduling because running inside a VM.
Sep  5 14:09:04 cu-cs-vm pulseaudio[2713]: [pulseaudio] sink.c: Default and alternate sample rates are the same.
Sep  5 14:09:04 cu-cs-vm rtkit-daemon[2714]: Supervising 1 threads of 1 processes of 1 users.
Sep  5 14:09:04 cu-cs-vm rtkit-daemon[2714]: Successfully made thread 2729 of process 2713 (n/a) owned by '1000' RT at priority 5.
Sep  5 14:09:04 cu-cs-vm rtkit-daemon[2714]: Supervising 2 threads of 1 processes of 1 users.
Sep  5 14:09:04 cu-cs-vm pulseaudio[2713]: [pulseaudio] alsa-util.c: Disabling timer-based scheduling because running inside a VM.
Sep  5 14:09:04 cu-cs-vm rtkit-daemon[2714]: Supervising 2 threads of 1 processes of 1 users.
Sep  5 14:09:04 cu-cs-vm rtkit-daemon[2714]: Successfully made thread 2732 of process 2713 (n/a) owned by '1000' RT at priority 5.
Sep  5 14:09:04 cu-cs-vm rtkit-daemon[2714]: Supervising 3 threads of 1 processes of 1 users.
Sep  5 14:09:04 cu-cs-vm rtkit-daemon[2714]: Successfully made thread 2739 of process 2739 (n/a) owned by '1000' high priority at nice level -11.
Sep  5 14:09:04 cu-cs-vm rtkit-daemon[2714]: Supervising 4 threads of 2 processes of 1 users.
Sep  5 14:09:04 cu-cs-vm pulseaudio[2739]: [pulseaudio] pid.c: Daemon already running.
Sep  5 14:09:04 cu-cs-vm dbus[1841]: [system] Activating via systemd: service name='org.freedesktop.UDisks2' unit='udisks2.service'
Sep  5 14:09:04 cu-cs-vm systemd[1]: Starting Disk Manager...
Sep  5 14:09:04 cu-cs-vm udisksd[2846]: udisks daemon version 2.1.7 starting
Sep  5 14:09:04 cu-cs-vm dbus[1841]: [system] Successfully activated service 'org.freedesktop.UDisks2'
Sep  5 14:09:04 cu-cs-vm systemd[1]: Started Disk Manager.
Sep  5 14:09:04 cu-cs-vm udisksd[2846]: Acquired the name org.freedesktop.UDisks2 on the system message bus
Sep  5 14:09:05 cu-cs-vm org.gtk.vfs.AfcVolumeMonitor[2488]: Volume monitor alive
Sep  5 14:09:05 cu-cs-vm kernel: [   13.429995] random: nonblocking pool is initialized
Sep  5 14:09:06 cu-cs-vm dbus[1841]: [system] Activating via systemd: service name='org.bluez' unit='dbus-org.bluez.service'
Sep  5 14:09:06 cu-cs-vm NetworkManager[1875]: <info>  [1473106146.5504] manager: startup complete
Sep  5 14:09:06 cu-cs-vm systemd[1]: Started Network Manager Wait Online.
Sep  5 14:09:06 cu-cs-vm systemd[1]: Reached target Network is Online.
Sep  5 14:09:06 cu-cs-vm systemd[1]: Starting /etc/rc.local Compatibility...
Sep  5 14:09:06 cu-cs-vm systemd[1]: Starting LSB: disk temperature monitoring daemon...
Sep  5 14:09:06 cu-cs-vm systemd[1]: Started /etc/rc.local Compatibility.
Sep  5 14:09:06 cu-cs-vm systemd[1]: Starting Hold until boot process finishes up...
Sep  5 14:09:06 cu-cs-vm systemd[1]: Started Hold until boot process finishes up.
Sep  5 14:09:06 cu-cs-vm systemd[1]: Started LSB: disk temperature monitoring daemon.
Sep  5 14:09:06 cu-cs-vm systemd[1]: Started Getty on tty1.
Sep  5 14:09:06 cu-cs-vm systemd[1]: Reached target Login Prompts.
Sep  5 14:09:06 cu-cs-vm systemd[1]: Reached target Multi-User System.
Sep  5 14:09:06 cu-cs-vm systemd[1]: Reached target Graphical Interface.
Sep  5 14:09:06 cu-cs-vm systemd[1]: Starting Update UTMP about System Runlevel Changes...
Sep  5 14:09:06 cu-cs-vm systemd[1]: Starting Set console scheme...
Sep  5 14:09:06 cu-cs-vm systemd[1]: Started Set console scheme.
Sep  5 14:09:06 cu-cs-vm systemd[1]: Started Update UTMP about System Runlevel Changes.
Sep  5 14:09:06 cu-cs-vm systemd[1]: Startup finished in 4.891s (kernel) + 9.197s (userspace) = 14.089s.
Sep  5 14:09:08 cu-cs-vm systemd[1]: Started Daemon for generating UUIDs.
Sep  5 14:09:10 cu-cs-vm NetworkManager[1875]: <info>  [1473106150.5533] WiFi hardware radio set enabled
Sep  5 14:09:10 cu-cs-vm NetworkManager[1875]: <info>  [1473106150.5534] WWAN hardware radio set enabled
Sep  5 14:09:31 cu-cs-vm dbus[1841]: [system] Activating service name='org.blueman.Mechanism' (using servicehelper)
Sep  5 14:09:31 cu-cs-vm obexd[3129]: OBEX daemon 5.37
Sep  5 14:09:31 cu-cs-vm dbus[1841]: [system] Activating via systemd: service name='org.bluez' unit='dbus-org.bluez.service'
Sep  5 14:09:31 cu-cs-vm org.blueman.Mechanism[1841]: Failed to connect to Mir: Failed to connect to server socket: No such file or directory
Sep  5 14:09:31 cu-cs-vm org.blueman.Mechanism[1841]: Unable to init server: Could not connect: Connection refused
Sep  5 14:09:31 cu-cs-vm org.blueman.Mechanism[1841]: Failed to connect to Mir: Failed to connect to server socket: No such file or directory
Sep  5 14:09:31 cu-cs-vm org.blueman.Mechanism[1841]: Unable to init server: Could not connect: Connection refused
Sep  5 14:09:31 cu-cs-vm blueman-mechanism: Starting blueman-mechanism
Sep  5 14:09:31 cu-cs-vm dbus[1841]: [system] Successfully activated service 'org.blueman.Mechanism'
Sep  5 14:09:31 cu-cs-vm org.blueman.Mechanism[1841]: (blueman-mechanism:3126): Gtk-CRITICAL **: gtk_icon_theme_get_for_screen: assertion 'GDK_IS_SCREEN (screen)' failed
Sep  5 14:09:31 cu-cs-vm blueman-mechanism: loading Network
Sep  5 14:09:31 cu-cs-vm blueman-mechanism: loading Ppp
Sep  5 14:09:31 cu-cs-vm blueman-mechanism: loading RfKill
Sep  5 14:09:31 cu-cs-vm blueman-mechanism: loading Rfcomm
Sep  5 14:10:01 cu-cs-vm blueman-mechanism: Exiting
Sep  5 14:17:01 cu-cs-vm CRON[3219]: (root) CMD (   cd / && run-parts --report /etc/cron.hourly)
Sep  5 14:18:59 cu-cs-vm anacron[1781]: Job `cron.weekly' started
Sep  5 14:19:00 cu-cs-vm anacron[4024]: Updated timestamp for job `cron.weekly' to 2016-09-05
Sep  5 14:19:00 cu-cs-vm uptimed: moving up to position 6: 0 days, 00:10:08
Sep  5 14:19:01 cu-cs-vm anacron[1781]: Job `cron.weekly' terminated
Sep  5 14:19:01 cu-cs-vm anacron[1781]: Normal exit (1 job run)
Sep  5 14:24:29 cu-cs-vm systemd[1]: Starting Cleanup of Temporary Directories...
Sep  5 14:24:29 cu-cs-vm systemd-tmpfiles[4862]: [/usr/lib/tmpfiles.d/var.conf:14] Duplicate line for path "/var/log", ignoring.
Sep  5 14:24:29 cu-cs-vm systemd[1]: Started Cleanup of Temporary Directories.
Sep  5 14:29:00 cu-cs-vm uptimed: moving up to position 5: 0 days, 00:20:08
Sep  5 14:39:00 cu-cs-vm uptimed: moving up to position 3: 0 days, 00:30:08
Sep  5 14:42:29 cu-cs-vm systemd[1]: Starting Automatically refresh installed snaps...
Sep  5 14:42:31 cu-cs-vm /usr/lib/snapd/snapd[1880]: daemon.go:180: DEBUG: uid=0;@ GET /v2/find?q=&select=refresh 959.887488ms 200
Sep  5 14:42:31 cu-cs-vm snap[12496]: All snaps up-to-date.
Sep  5 14:42:31 cu-cs-vm systemd[1]: Started Automatically refresh installed snaps.
Sep  5 14:42:31 cu-cs-vm systemd[1]: snapd.refresh.timer: Adding 5h 14min 38.767440s random time.
Sep  5 14:42:31 cu-cs-vm systemd[1]: snapd.refresh.timer: Adding 1h 38min 33.604929s random time.
Sep  5 14:48:45 cu-cs-vm vboxadd.sh: Building Guest Additions kernel modules.
Sep  5 14:48:45 cu-cs-vm vboxadd.sh: Building the VirtualBox Guest Additions kernel modules.
Sep  5 14:48:45 cu-cs-vm vboxadd.sh: Building the main Guest Additions module.
Sep  5 14:48:46 cu-cs-vm vboxadd.sh: Look at /var/log/vboxadd-install.log to find out what went wrong.
Sep  5 14:48:46 cu-cs-vm vboxadd.sh: Please check that you have gcc, make, the header files for your Linux kernel and possibly perl installed..
Sep  5 14:48:46 cu-cs-vm kernel: [ 2395.117495] SGI XFS with ACLs, security attributes, realtime, no debug enabled
Sep  5 14:48:46 cu-cs-vm kernel: [ 2395.147530] JFS: nTxBlock = 8192, nTxLock = 65536
Sep  5 14:48:46 cu-cs-vm kernel: [ 2395.167726] ntfs: driver 2.1.32 [Flags: R/O MODULE].
Sep  5 14:48:47 cu-cs-vm kernel: [ 2395.204932] QNX4 filesystem 0.2.3 registered.
Sep  5 14:48:54 cu-cs-vm systemd[1]: Stopped target Sound Card.
Sep  5 14:48:54 cu-cs-vm systemd[1]: Starting Unattended Upgrades Shutdown...
Sep  5 14:48:54 cu-cs-vm systemd[1]: Stopping Authenticate and Authorize Users to Run Privileged Tasks...
Sep  5 14:48:54 cu-cs-vm systemd[1]: Stopping Save/Restore Sound Card State...
Sep  5 14:48:54 cu-cs-vm systemd[1]: Stopped target Timers.
Sep  5 14:48:54 cu-cs-vm systemd[1]: Stopped Daily apt activities.
Sep  5 14:48:54 cu-cs-vm dbus[1841]: [system] Activating via systemd: service name='org.freedesktop.PolicyKit1' unit='polkitd.service'
Sep  5 14:48:54 cu-cs-vm systemd[1]: Stopped Daily Cleanup of Temporary Directories.
Sep  5 14:48:54 cu-cs-vm systemd[1]: Stopping Daemon for power management...
Sep  5 14:48:54 cu-cs-vm systemd[1]: Stopping ACPI event daemon...
Sep  5 14:48:54 cu-cs-vm systemd[1]: Stopping User Manager for UID 1000...
Sep  5 14:48:54 cu-cs-vm obexd[3129]: Terminating
Sep  5 14:48:54 cu-cs-vm systemd[1]: Stopping Session c1 of user user.
Sep  5 14:48:54 cu-cs-vm systemd[1]: Stopped target Graphical Interface.
Sep  5 14:48:54 cu-cs-vm systemd[1]: Stopping Accounts Service...
Sep  5 14:48:54 cu-cs-vm systemd[1]: Closed Load/Save RF Kill Switch Status /dev/rfkill Watch.
Sep  5 14:48:54 cu-cs-vm systemd[1]: Stopping Daemon for generating UUIDs...
Sep  5 14:48:54 cu-cs-vm systemd[1]: Stopping Light Display Manager...
Sep  5 14:48:54 cu-cs-vm systemd[1]: Stopping RealtimeKit Scheduling Policy Service...
Sep  5 14:48:54 cu-cs-vm rsyslogd: [origin software="rsyslogd" swVersion="8.16.0" x-pid="1761" x-info="http://www.rsyslog.com"] exiting on signal 15.
Sep  5 14:52:34 cu-cs-vm rsyslogd: [origin software="rsyslogd" swVersion="8.16.0" x-pid="1699" x-info="http://www.rsyslog.com"] start
Sep  5 14:52:34 cu-cs-vm rsyslogd-2222: command 'KLogPermitNonKernelFacility' is currently not permitted - did you already set it via a RainerScript command (v6+ config)? [v8.16.0 try http://www.rsyslog.com/e/2222 ]
Sep  5 14:52:34 cu-cs-vm rsyslogd: rsyslogd's groupid changed to 108
Sep  5 14:52:34 cu-cs-vm rsyslogd: rsyslogd's userid changed to 104
Sep  5 14:52:34 cu-cs-vm rsyslogd-2039: Could not open output pipe '/dev/xconsole':: No such file or directory [v8.16.0 try http://www.rsyslog.com/e/2039 ]
Sep  5 14:52:34 cu-cs-vm rsyslogd-2007: action 'action 10' suspended, next retry is Mon Sep  5 14:53:04 2016 [v8.16.0 try http://www.rsyslog.com/e/2007 ]
Sep  5 14:52:34 cu-cs-vm kernel: [    0.000000] Initializing cgroup subsys cpuset
Sep  5 14:52:34 cu-cs-vm kernel: [    0.000000] Initializing cgroup subsys cpu
Sep  5 14:52:34 cu-cs-vm kernel: [    0.000000] Initializing cgroup subsys cpuacct
Sep  5 14:52:34 cu-cs-vm kernel: [    0.000000] Linux version 4.4.16 (root@cu-cs-vm) (gcc version 5.4.0 20160609 (Ubuntu 5.4.0-6ubuntu1~16.04.2) ) #1 SMP Mon Sep 5 14:47:46 MDT 2016 (Ubuntu 4.4.0-34.53-generic 4.4.15)
Sep  5 14:52:34 cu-cs-vm kernel: [    0.000000] Command line: BOOT_IMAGE=/@/boot/vmlinuz-4.4.16 root=UUID=7edb9fb6-5937-400b-b2d4-95dbf988ef57 ro rootflags=subvol=@ crashkernel=384M-:128M
Sep  5 14:52:34 cu-cs-vm kernel: [    0.000000] KERNEL supported cpus:
Sep  5 14:52:34 cu-cs-vm kernel: [    0.000000]   Intel GenuineIntel
Sep  5 14:52:34 cu-cs-vm kernel: [    0.000000]   AMD AuthenticAMD
Sep  5 14:52:34 cu-cs-vm kernel: [    0.000000]   Centaur CentaurHauls
Sep  5 14:52:34 cu-cs-vm kernel: [    0.000000] x86/fpu: xstate_offset[2]:  576, xstate_sizes[2]:  256
Sep  5 14:52:34 cu-cs-vm kernel: [    0.000000] x86/fpu: Supporting XSAVE feature 0x01: 'x87 floating point registers'
Sep  5 14:52:34 cu-cs-vm kernel: [    0.000000] x86/fpu: Supporting XSAVE feature 0x02: 'SSE registers'
Sep  5 14:52:34 cu-cs-vm kernel: [    0.000000] x86/fpu: Supporting XSAVE feature 0x04: 'AVX registers'
Sep  5 14:52:34 cu-cs-vm kernel: [    0.000000] x86/fpu: Enabled xstate features 0x7, context size is 832 bytes, using 'standard' format.
Sep  5 14:52:34 cu-cs-vm kernel: [    0.000000] x86/fpu: Using 'lazy' FPU context switches.
Sep  5 14:52:34 cu-cs-vm kernel: [    0.000000] e820: BIOS-provided physical RAM map:
Sep  5 14:52:34 cu-cs-vm kernel: [    0.000000] BIOS-e820: [mem 0x0000000000000000-0x000000000009fbff] usable
Sep  5 14:52:34 cu-cs-vm kernel: [    0.000000] BIOS-e820: [mem 0x000000000009fc00-0x000000000009ffff] reserved
Sep  5 14:52:34 cu-cs-vm kernel: [    0.000000] BIOS-e820: [mem 0x00000000000f0000-0x00000000000fffff] reserved
Sep  5 14:52:34 cu-cs-vm kernel: [    0.000000] BIOS-e820: [mem 0x0000000000100000-0x000000007ffeffff] usable
Sep  5 14:52:34 cu-cs-vm kernel: [    0.000000] BIOS-e820: [mem 0x000000007fff0000-0x000000007fffffff] ACPI data
Sep  5 14:52:34 cu-cs-vm kernel: [    0.000000] BIOS-e820: [mem 0x00000000fffc0000-0x00000000ffffffff] reserved
Sep  5 14:52:34 cu-cs-vm kernel: [    0.000000] NX (Execute Disable) protection: active
